#
# There is insufficient memory for the Java Runtime Environment to continue.
# Native memory allocation (malloc) failed to allocate 805056 bytes. Error detail: Chunk::new
# Possible reasons:
#   The system is out of physical RAM or swap space
#   This process is running with CompressedOops enabled, and the Java Heap may be blocking the growth of the native heap
# Possible solutions:
#   Reduce memory load on the system
#   Increase physical memory or swap space
#   Check if swap backing store is full
#   Decrease Java heap size (-Xmx/-Xms)
#   Decrease number of Java threads
#   Decrease Java thread stack sizes (-Xss)
#   Set larger code cache with -XX:ReservedCodeCacheSize=
#   JVM is running with Unscaled Compressed Oops mode in which the Java heap is
#     placed in the first 4GB address space. The Java Heap base address is the
#     maximum limit for the native heap growth. Please use -XX:HeapBaseMinAddress
#     to set the Java Heap base and to place the Java Heap above 4GB virtual address.
# This output file may be truncated or incomplete.
#
#  Out of Memory Error (arena.cpp:168), pid=25960, tid=14632
#
# JRE version: OpenJDK Runtime Environment Temurin-21.0.10+7 (21.0.10+7) (build 21.0.10+7-LTS)
# Java VM: OpenJDK 64-Bit Server VM Temurin-21.0.10+7 (21.0.10+7-LTS, mixed mode, sharing, tiered, compressed oops, compressed class ptrs, parallel gc, windows-amd64)
# No core dump will be written. Minidumps are not enabled by default on client versions of Windows
#

---------------  S U M M A R Y ------------

Command Line: --add-modules=ALL-SYSTEM --add-opens=java.base/java.util=ALL-UNNAMED --add-opens=java.base/java.lang=ALL-UNNAMED --add-opens=java.base/sun.nio.fs=ALL-UNNAMED -Declipse.application=org.eclipse.jdt.ls.core.id1 -Dosgi.bundles.defaultStartLevel=4 -Declipse.product=org.eclipse.jdt.ls.core.product -Djava.import.generatesMetadataFilesAtProjectRoot=false -DDetectVMInstallationsJob.disabled=true -Dfile.encoding=utf8 -XX:+UseParallelGC -XX:GCTimeRatio=4 -XX:AdaptiveSizePolicyWeight=90 -Dsun.zip.disableMemoryMapping=true -Xmx2G -Xms100m -Xlog:disable -javaagent:c:\Users\VENNELA SREE\.vscode\extensions\redhat.java-1.54.0-win32-x64\lombok\lombok-1.18.39-4050.jar -XX:+HeapDumpOnOutOfMemoryError -XX:HeapDumpPath=c:\Users\VENNELA SREE\AppData\Roaming\Code\User\workspaceStorage\32236401eeac42081cef0cbb199c0051\redhat.java -Daether.dependencyCollector.impl=bf c:\Users\VENNELA SREE\.vscode\extensions\redhat.java-1.54.0-win32-x64\server\plugins\org.eclipse.equinox.launcher_1.7.100.v20251111-0406.jar -configuration c:\Users\VENNELA SREE\AppData\Roaming\Code\User\globalStorage\redhat.java\1.54.0\config_win -data c:\Users\VENNELA SREE\AppData\Roaming\Code\User\workspaceStorage\32236401eeac42081cef0cbb199c0051\redhat.java\jdt_ws --pipe=\\.\pipe\lsp-3dfa66cae550072dd294f8dce6327841-sock

Host: 13th Gen Intel(R) Core(TM) i5-13420H, 12 cores, 15G,  Windows 11 , 64 bit Build 26100 (10.0.26100.8328)
Time: Sat May  2 21:22:47 2026 India Standard Time elapsed time: 7.633717 seconds (0d 0h 0m 7s)

---------------  T H R E A D  ---------------

Current thread (0x000002140d43f2c0):  JavaThread "C2 CompilerThread2" daemon [_thread_in_native, id=14632, stack(0x000000a54d000000,0x000000a54d100000) (1024K)]


Current CompileTask:
C2:7633 5511   !   4       org.eclipse.osgi.internal.loader.BundleLoader::findClass0 (490 bytes)

Stack: [0x000000a54d000000,0x000000a54d100000]
Native frames: (J=compiled Java code, j=interpreted, Vv=VM code, C=native code)
V  [jvm.dll+0x6d7a39]
V  [jvm.dll+0x8b4b26]
V  [jvm.dll+0x8b70de]
V  [jvm.dll+0x8b77c3]
V  [jvm.dll+0x284346]
V  [jvm.dll+0xc66ed]
V  [jvm.dll+0xc6c31]
V  [jvm.dll+0x2fb29e]
V  [jvm.dll+0x5fe884]
V  [jvm.dll+0x255b17]
V  [jvm.dll+0x255edd]
V  [jvm.dll+0x24e500]
V  [jvm.dll+0x24ba42]
V  [jvm.dll+0x1cb34e]
V  [jvm.dll+0x25b85d]
V  [jvm.dll+0x259dea]
V  [jvm.dll+0x3f857e]
V  [jvm.dll+0x85f59d]
V  [jvm.dll+0x6d626d]
C  [ucrtbase.dll+0x37b0]
C  [KERNEL32.DLL+0x2e957]
C  [ntdll.dll+0x427c]


---------------  P R O C E S S  ---------------

Threads class SMR info:
_java_thread_list=0x0000021414c0b860, length=53, elements={
0x00000213b45c5100, 0x000002140c1eb8b0, 0x000002140c1edbf0, 0x000002140c1f12e0,
0x000002140c1f1fc0, 0x000002140c1f5020, 0x000002140c1f6f40, 0x000002140d432790,
0x000002140d43ebf0, 0x000002140d6bba50, 0x000002140d75e480, 0x000002141327fbb0,
0x000002141305d730, 0x00000214130e3440, 0x00000214130e09f0, 0x000002141324cb10,
0x0000021413ae4530, 0x000002140d43c310, 0x00000214132159c0, 0x0000021413322e70,
0x0000021413320080, 0x000002141331f9f0, 0x0000021413320da0, 0x0000021413322150,
0x000002140d43f2c0, 0x00000214133227e0, 0x0000021413320710, 0x0000021413321ac0,
0x0000021413321430, 0x00000214150a1630, 0x00000214150a0910, 0x00000214150a29e0,
0x00000214150a1cc0, 0x00000214150a3070, 0x00000214150a0fa0, 0x000002141509fbf0,
0x00000214150a3700, 0x00000214150a0280, 0x00000214150a5140, 0x00000214150a2350,
0x00000214150a57d0, 0x00000214150a5e60, 0x00000214150a4420, 0x00000214150a64f0,
0x00000214150a4ab0, 0x00000214150a6b80, 0x00000214150a7210, 0x00000214150a3d90,
0x000002141475fe80, 0x0000021414760ba0, 0x0000021414760510, 0x0000021414761230,
0x000002141475ead0
}

Java Threads: ( => current thread )
  0x00000213b45c5100 JavaThread "main"                              [_thread_blocked, id=10376, stack(0x000000a54ac00000,0x000000a54ad00000) (1024K)]
  0x000002140c1eb8b0 JavaThread "Reference Handler"          daemon [_thread_blocked, id=24140, stack(0x000000a54b000000,0x000000a54b100000) (1024K)]
  0x000002140c1edbf0 JavaThread "Finalizer"                  daemon [_thread_blocked, id=26060, stack(0x000000a54b100000,0x000000a54b200000) (1024K)]
  0x000002140c1f12e0 JavaThread "Signal Dispatcher"          daemon [_thread_blocked, id=10936, stack(0x000000a54b200000,0x000000a54b300000) (1024K)]
  0x000002140c1f1fc0 JavaThread "Attach Listener"            daemon [_thread_blocked, id=16584, stack(0x000000a54b300000,0x000000a54b400000) (1024K)]
  0x000002140c1f5020 JavaThread "Service Thread"             daemon [_thread_blocked, id=24444, stack(0x000000a54b400000,0x000000a54b500000) (1024K)]
  0x000002140c1f6f40 JavaThread "Monitor Deflation Thread"   daemon [_thread_blocked, id=22520, stack(0x000000a54b500000,0x000000a54b600000) (1024K)]
  0x000002140d432790 JavaThread "C2 CompilerThread0"         daemon [_thread_in_native, id=14084, stack(0x000000a54b600000,0x000000a54b700000) (1024K)]
  0x000002140d43ebf0 JavaThread "C1 CompilerThread0"         daemon [_thread_blocked, id=20832, stack(0x000000a54b700000,0x000000a54b800000) (1024K)]
  0x000002140d6bba50 JavaThread "Common-Cleaner"             daemon [_thread_blocked, id=13216, stack(0x000000a54b900000,0x000000a54ba00000) (1024K)]
  0x000002140d75e480 JavaThread "Notification Thread"        daemon [_thread_blocked, id=21592, stack(0x000000a54ba00000,0x000000a54bb00000) (1024K)]
  0x000002141327fbb0 JavaThread "Active Thread: Equinox Container: f4275421-7a0c-4531-be4d-458e8ca75f8b"        [_thread_blocked, id=13656, stack(0x000000a54c200000,0x000000a54c300000) (1024K)]
  0x000002141305d730 JavaThread "Refresh Thread: Equinox Container: f4275421-7a0c-4531-be4d-458e8ca75f8b" daemon [_thread_blocked, id=8640, stack(0x000000a54c400000,0x000000a54c500000) (1024K)]
  0x00000214130e3440 JavaThread "Framework Event Dispatcher: Equinox Container: f4275421-7a0c-4531-be4d-458e8ca75f8b" daemon [_thread_blocked, id=23268, stack(0x000000a54c500000,0x000000a54c600000) (1024K)]
  0x00000214130e09f0 JavaThread "Start Level: Equinox Container: f4275421-7a0c-4531-be4d-458e8ca75f8b" daemon [_thread_blocked, id=2804, stack(0x000000a54c600000,0x000000a54c700000) (1024K)]
  0x000002141324cb10 JavaThread "Bundle File Closer"         daemon [_thread_blocked, id=22456, stack(0x000000a54c900000,0x000000a54ca00000) (1024K)]
  0x0000021413ae4530 JavaThread "SCR Component Actor"        daemon [_thread_blocked, id=22512, stack(0x000000a54b800000,0x000000a54b900000) (1024K)]
  0x000002140d43c310 JavaThread "C2 CompilerThread1"         daemon [_thread_blocked, id=14584, stack(0x000000a54bb00000,0x000000a54bc00000) (1024K)]
  0x00000214132159c0 JavaThread "Worker-JM"                         [_thread_blocked, id=25836, stack(0x000000a54cb00000,0x000000a54cc00000) (1024K)]
  0x0000021413322e70 JavaThread "JNA Cleaner"                daemon [_thread_blocked, id=1392, stack(0x000000a54cc00000,0x000000a54cd00000) (1024K)]
  0x0000021413320080 JavaThread "Worker-0"                          [_thread_blocked, id=24112, stack(0x000000a54cd00000,0x000000a54ce00000) (1024K)]
  0x000002141331f9f0 JavaThread "Worker-1"                          [_thread_blocked, id=17876, stack(0x000000a54ce00000,0x000000a54cf00000) (1024K)]
  0x0000021413320da0 JavaThread "Worker-2"                          [_thread_blocked, id=26000, stack(0x000000a54cf00000,0x000000a54d000000) (1024K)]
  0x0000021413322150 JavaThread "Java indexing"              daemon [_thread_blocked, id=26192, stack(0x000000a54ca00000,0x000000a54cb00000) (1024K)]
=>0x000002140d43f2c0 JavaThread "C2 CompilerThread2"         daemon [_thread_in_native, id=14632, stack(0x000000a54d000000,0x000000a54d100000) (1024K)]
  0x00000214133227e0 JavaThread "Worker-3: Repository registry initialization"        [_thread_in_vm, id=20292, stack(0x000000a54d300000,0x000000a54d400000) (1024K)]
  0x0000021413320710 JavaThread "Thread-1"                   daemon [_thread_in_native, id=14620, stack(0x000000a54d400000,0x000000a54d500000) (1024K)]
  0x0000021413321ac0 JavaThread "Thread-2"                   daemon [_thread_in_native, id=15896, stack(0x000000a54d500000,0x000000a54d600000) (1024K)]
  0x0000021413321430 JavaThread "Thread-3"                   daemon [_thread_in_native, id=24292, stack(0x000000a54d600000,0x000000a54d700000) (1024K)]
  0x00000214150a1630 JavaThread "Thread-4"                   daemon [_thread_in_native, id=10932, stack(0x000000a54d700000,0x000000a54d800000) (1024K)]
  0x00000214150a0910 JavaThread "Thread-5"                   daemon [_thread_in_native, id=22104, stack(0x000000a54d800000,0x000000a54d900000) (1024K)]
  0x00000214150a29e0 JavaThread "Thread-6"                   daemon [_thread_in_native, id=2640, stack(0x000000a54d900000,0x000000a54da00000) (1024K)]
  0x00000214150a1cc0 JavaThread "Thread-7"                   daemon [_thread_in_native, id=24384, stack(0x000000a54da00000,0x000000a54db00000) (1024K)]
  0x00000214150a3070 JavaThread "Thread-8"                   daemon [_thread_in_native, id=16564, stack(0x000000a54db00000,0x000000a54dc00000) (1024K)]
  0x00000214150a0fa0 JavaThread "Thread-9"                   daemon [_thread_in_native, id=20860, stack(0x000000a54dc00000,0x000000a54dd00000) (1024K)]
  0x000002141509fbf0 JavaThread "Thread-10"                  daemon [_thread_in_native, id=17612, stack(0x000000a54dd00000,0x000000a54de00000) (1024K)]
  0x00000214150a3700 JavaThread "Thread-11"                  daemon [_thread_in_native, id=26528, stack(0x000000a54de00000,0x000000a54df00000) (1024K)]
  0x00000214150a0280 JavaThread "Thread-12"                  daemon [_thread_in_native, id=26352, stack(0x000000a54df00000,0x000000a54e000000) (1024K)]
  0x00000214150a5140 JavaThread "Thread-13"                  daemon [_thread_in_native, id=25620, stack(0x000000a54e000000,0x000000a54e100000) (1024K)]
  0x00000214150a2350 JavaThread "pool-2-thread-1"                   [_thread_blocked, id=22168, stack(0x000000a54e100000,0x000000a54e200000) (1024K)]
  0x00000214150a57d0 JavaThread "WorkspaceEventsHandler"            [_thread_blocked, id=18664, stack(0x000000a54e200000,0x000000a54e300000) (1024K)]
  0x00000214150a5e60 JavaThread "pool-1-thread-1"                   [_thread_blocked, id=25152, stack(0x000000a54e300000,0x000000a54e400000) (1024K)]
  0x00000214150a4420 JavaThread "ForkJoinPool.commonPool-worker-1" daemon [_thread_blocked, id=2660, stack(0x000000a54e400000,0x000000a54e500000) (1024K)]
  0x00000214150a64f0 JavaThread "ForkJoinPool.commonPool-worker-2" daemon [_thread_blocked, id=21888, stack(0x000000a54e500000,0x000000a54e600000) (1024K)]
  0x00000214150a4ab0 JavaThread "ForkJoinPool.commonPool-worker-3" daemon [_thread_blocked, id=25264, stack(0x000000a54e600000,0x000000a54e700000) (1024K)]
  0x00000214150a6b80 JavaThread "ForkJoinPool.commonPool-worker-4" daemon [_thread_blocked, id=21656, stack(0x000000a54e700000,0x000000a54e800000) (1024K)]
  0x00000214150a7210 JavaThread "ForkJoinPool.commonPool-worker-5" daemon [_thread_blocked, id=22532, stack(0x000000a54e800000,0x000000a54e900000) (1024K)]
  0x00000214150a3d90 JavaThread "ForkJoinPool.commonPool-worker-6" daemon [_thread_blocked, id=24716, stack(0x000000a54e900000,0x000000a54ea00000) (1024K)]
  0x000002141475fe80 JavaThread "ForkJoinPool.commonPool-worker-7" daemon [_thread_blocked, id=21148, stack(0x000000a54ea00000,0x000000a54eb00000) (1024K)]
  0x0000021414760ba0 JavaThread "ForkJoinPool.commonPool-worker-8" daemon [_thread_blocked, id=26432, stack(0x000000a54eb00000,0x000000a54ec00000) (1024K)]
  0x0000021414760510 JavaThread "ForkJoinPool.commonPool-worker-9" daemon [_thread_blocked, id=6444, stack(0x000000a54ec00000,0x000000a54ed00000) (1024K)]
  0x0000021414761230 JavaThread "ForkJoinPool.commonPool-worker-10" daemon [_thread_blocked, id=23080, stack(0x000000a54ed00000,0x000000a54ee00000) (1024K)]
  0x000002141475ead0 JavaThread "ForkJoinPool.commonPool-worker-11" daemon [_thread_blocked, id=20160, stack(0x000000a54ee00000,0x000000a54ef00000) (1024K)]
Total: 53

Other Threads:
  0x000002140c1e44e0 VMThread "VM Thread"                           [id=24760, stack(0x000000a54af00000,0x000000a54b000000) (1024K)]
  0x000002140c0dca00 WatcherThread "VM Periodic Task Thread"        [id=23416, stack(0x000000a54ae00000,0x000000a54af00000) (1024K)]
  0x00000213b45e48a0 WorkerThread "GC Thread#0"                     [id=23848, stack(0x000000a54ad00000,0x000000a54ae00000) (1024K)]
  0x000002140e924730 WorkerThread "GC Thread#1"                     [id=17124, stack(0x000000a54bc00000,0x000000a54bd00000) (1024K)]
  0x00000214130d4120 WorkerThread "GC Thread#2"                     [id=21076, stack(0x000000a54bd00000,0x000000a54be00000) (1024K)]
  0x00000214130f45d0 WorkerThread "GC Thread#3"                     [id=23852, stack(0x000000a54be00000,0x000000a54bf00000) (1024K)]
  0x000002140d7f4860 WorkerThread "GC Thread#4"                     [id=25080, stack(0x000000a54bf00000,0x000000a54c000000) (1024K)]
  0x000002140d7f4c10 WorkerThread "GC Thread#5"                     [id=4476, stack(0x000000a54c000000,0x000000a54c100000) (1024K)]
  0x000002140d7f53d0 WorkerThread "GC Thread#6"                     [id=1144, stack(0x000000a54c100000,0x000000a54c200000) (1024K)]
  0x000002141303aa70 WorkerThread "GC Thread#7"                     [id=5500, stack(0x000000a54c300000,0x000000a54c400000) (1024K)]
  0x00000214133fec90 WorkerThread "GC Thread#8"                     [id=14288, stack(0x000000a54c700000,0x000000a54c800000) (1024K)]
  0x000002141324c350 WorkerThread "GC Thread#9"                     [id=25704, stack(0x000000a54c800000,0x000000a54c900000) (1024K)]
Total: 12

Threads with active compile tasks:
C2 CompilerThread0  7668 5580       4       jdk.internal.org.objectweb.asm.SymbolTable::addConstantMemberReference (147 bytes)
C1 CompilerThread0  7668 5610       3       com.google.inject.internal.AbstractProcessor::visitOther (6 bytes)
C2 CompilerThread2  7668 5511   !   4       org.eclipse.osgi.internal.loader.BundleLoader::findClass0 (490 bytes)
Total: 3

VM state: not at safepoint (normal execution)

VM Mutex/Monitor currently owned by a thread: None

Heap address: 0x0000000080000000, size: 2048 MB, Compressed Oops mode: 32-bit

CDS archive(s) mapped at: [0x00000213cb000000-0x00000213cbba0000-0x00000213cbba0000), size 12189696, SharedBaseAddress: 0x00000213cb000000, ArchiveRelocationMode: 1.
Compressed class space mapped at: 0x00000213cc000000-0x000002140c000000, reserved size: 1073741824
Narrow klass base: 0x00000213cb000000, Narrow klass shift: 0, Narrow klass range: 0x100000000

GC Precious Log:
 CardTable entry size: 512
 CPUs: 12 total, 12 available
 Memory: 16024M
 Large Page Support: Disabled
 NUMA Support: Disabled
 Compressed Oops: Enabled (32-bit)
 Alignments: Space 512K, Generation 512K, Heap 2M
 Heap Min Capacity: 100M
 Heap Initial Capacity: 100M
 Heap Max Capacity: 2G
 Pre-touch: Disabled
 Parallel Workers: 10

Heap:
 PSYoungGen      total 22016K, used 17213K [0x00000000d5580000, 0x00000000d6e80000, 0x0000000100000000)
  eden space 19456K, 83% used [0x00000000d5580000,0x00000000d65652d8,0x00000000d6880000)
  from space 2560K, 36% used [0x00000000d6a00000,0x00000000d6aea450,0x00000000d6c80000)
  to   space 1536K, 0% used [0x00000000d6d00000,0x00000000d6d00000,0x00000000d6e80000)
 ParOldGen       total 68608K, used 31049K [0x0000000080000000, 0x0000000084300000, 0x00000000d5580000)
  object space 68608K, 45% used [0x0000000080000000,0x0000000081e525c0,0x0000000084300000)
 Metaspace       used 43312K, committed 44480K, reserved 1114112K
  class space    used 4695K, committed 5248K, reserved 1048576K

Card table byte_map: [0x00000213b3f60000,0x00000213b4370000] _byte_map_base: 0x00000213b3b60000

Marking Bits: (ParMarkBitMap*) 0x00007ff9f9c33450
 Begin Bits: [0x00000213c6a70000, 0x00000213c8a70000)
 End Bits:   [0x00000213c8a70000, 0x00000213caa70000)

Polling page: 0x00000213b2820000

Metaspace:

Usage:
  Non-class:     37.71 MB used.
      Class:      4.59 MB used.
       Both:     42.30 MB used.

Virtual space:
  Non-class space:       64.00 MB reserved,      38.31 MB ( 60%) committed,  1 nodes.
      Class space:        1.00 GB reserved,       5.12 MB ( <1%) committed,  1 nodes.
             Both:        1.06 GB reserved,      43.44 MB (  4%) committed. 

Chunk freelists:
   Non-Class:  9.31 MB
       Class:  10.91 MB
        Both:  20.22 MB

MaxMetaspaceSize: unlimited
CompressedClassSpaceSize: 1.00 GB
Initial GC threshold: 21.00 MB
Current GC threshold: 58.38 MB
CDS: on
 - commit_granule_bytes: 65536.
 - commit_granule_words: 8192.
 - virtual_space_node_default_size: 8388608.
 - enlarge_chunks_in_place: 1.
 - use_allocation_guard: 0.


Internal statistics:

num_allocs_failed_limit: 6.
num_arena_births: 964.
num_arena_deaths: 14.
num_vsnodes_births: 2.
num_vsnodes_deaths: 0.
num_space_committed: 695.
num_space_uncommitted: 0.
num_chunks_returned_to_freelist: 20.
num_chunks_taken_from_freelist: 2910.
num_chunk_merges: 12.
num_chunk_splits: 1816.
num_chunks_enlarged: 1044.
num_inconsistent_stats: 0.

CodeHeap 'non-profiled nmethods': size=120000Kb used=2551Kb max_used=2551Kb free=117448Kb
 bounds [0x00000213bf290000, 0x00000213bf510000, 0x00000213c67c0000]
CodeHeap 'profiled nmethods': size=120000Kb used=10057Kb max_used=10057Kb free=109943Kb
 bounds [0x00000213b77c0000, 0x00000213b81a0000, 0x00000213becf0000]
CodeHeap 'non-nmethods': size=5760Kb used=1362Kb max_used=1451Kb free=4397Kb
 bounds [0x00000213becf0000, 0x00000213bef60000, 0x00000213bf290000]
CodeCache: size=245760Kb, used=13970Kb, max_used=14059Kb, free=231788Kb
 total_blobs=5682, nmethods=5024, adapters=563, full_count=0
Compilation: enabled, stopped_count=0, restarted_count=0

Compilation events (20 events):
Event: 7.616 Thread 0x000002140d432790 nmethod 5558 0x00000213bf2f9b90 code [0x00000213bf2f9d20, 0x00000213bf2f9e00]
Event: 7.616 Thread 0x000002140d43ebf0 nmethod 5555 0x00000213b7b9e790 code [0x00000213b7b9e9c0, 0x00000213b7b9f058]
Event: 7.616 Thread 0x000002140d43ebf0 5556       3       sun.reflect.annotation.AnnotatedTypeFactory::nestingForType (125 bytes)
Event: 7.617 Thread 0x000002140d43ebf0 nmethod 5556 0x00000213b7b9cb90 code [0x00000213b7b9cec0, 0x00000213b7b9e3a8]
Event: 7.618 Thread 0x000002140d43ebf0 5557       3       sun.reflect.annotation.AnnotatedTypeFactory::buildAnnotatedType (156 bytes)
Event: 7.618 Thread 0x000002140d43ebf0 nmethod 5557 0x00000213b7b9a610 code [0x00000213b7b9a9e0, 0x00000213b7b9c498]
Event: 7.619 Thread 0x000002140d43ebf0 5552       3       java.lang.reflect.Constructor::setAccessible (21 bytes)
Event: 7.619 Thread 0x000002140d43ebf0 nmethod 5552 0x00000213b7b99c10 code [0x00000213b7b99e20, 0x00000213b7b9a400]
Event: 7.619 Thread 0x000002140d43ebf0 5553       3       java.lang.reflect.Constructor::checkCanSetAccessible (29 bytes)
Event: 7.619 Thread 0x000002140d43ebf0 nmethod 5553 0x00000213b7b99610 code [0x00000213b7b997e0, 0x00000213b7b99ab8]
Event: 7.620 Thread 0x000002140d43c310 nmethod 5554 0x00000213bf356390 code [0x00000213bf356580, 0x00000213bf356d48]
Event: 7.625 Thread 0x000002140d43ebf0 5559       3       java.lang.invoke.SimpleMethodHandle::speciesData (4 bytes)
Event: 7.625 Thread 0x000002140d43ebf0 nmethod 5559 0x00000213b7b99290 code [0x00000213b7b99420, 0x00000213b7b99538]
Event: 7.627 Thread 0x000002140d43ebf0 5560       3       java.lang.invoke.MemberName::equals (69 bytes)
Event: 7.627 Thread 0x000002140d43ebf0 nmethod 5560 0x00000213b7b98210 code [0x00000213b7b984a0, 0x00000213b7b98fa8]
Event: 7.629 Thread 0x000002140d43ebf0 5561       3       java.lang.PublicMethods$MethodList::filter (104 bytes)
Event: 7.629 Thread 0x000002140d43ebf0 nmethod 5561 0x00000213b7b97210 code [0x00000213b7b97440, 0x00000213b7b97d40]
Event: 7.630 Thread 0x000002140d43ebf0 5562       3       java.lang.invoke.Invokers::cachedInvoker (7 bytes)
Event: 7.631 Thread 0x000002140d43ebf0 nmethod 5562 0x00000213b7b96e90 code [0x00000213b7b97020, 0x00000213b7b97158]
Event: 7.631 Thread 0x000002140d43c310 5563       4       jdk.internal.org.objectweb.asm.Frame::execute (2305 bytes)

GC Heap History (20 events):
Event: 5.430 GC heap before
{Heap before GC invocations=10 (full 1):
 PSYoungGen      total 27136K, used 26794K [0x00000000d5580000, 0x00000000d7580000, 0x0000000100000000)
  eden space 24064K, 100% used [0x00000000d5580000,0x00000000d6d00000,0x00000000d6d00000)
  from space 3072K, 88% used [0x00000000d7280000,0x00000000d752aa00,0x00000000d7580000)
  to   space 3584K, 0% used [0x00000000d6e80000,0x00000000d6e80000,0x00000000d7200000)
 ParOldGen       total 68608K, used 13323K [0x0000000080000000, 0x0000000084300000, 0x00000000d5580000)
  object space 68608K, 19% used [0x0000000080000000,0x0000000080d02ff0,0x0000000084300000)
 Metaspace       used 26317K, committed 27200K, reserved 1114112K
  class space    used 2658K, committed 3008K, reserved 1048576K
}
Event: 5.432 GC heap after
{Heap after GC invocations=10 (full 1):
 PSYoungGen      total 25088K, used 1413K [0x00000000d5580000, 0x00000000d7300000, 0x0000000100000000)
  eden space 23552K, 0% used [0x00000000d5580000,0x00000000d5580000,0x00000000d6c80000)
  from space 1536K, 92% used [0x00000000d6e80000,0x00000000d6fe1628,0x00000000d7000000)
  to   space 2048K, 0% used [0x00000000d7100000,0x00000000d7100000,0x00000000d7300000)
 ParOldGen       total 68608K, used 13331K [0x0000000080000000, 0x0000000084300000, 0x00000000d5580000)
  object space 68608K, 19% used [0x0000000080000000,0x0000000080d04ff0,0x0000000084300000)
 Metaspace       used 26317K, committed 27200K, reserved 1114112K
  class space    used 2658K, committed 3008K, reserved 1048576K
}
Event: 5.599 GC heap before
{Heap before GC invocations=11 (full 1):
 PSYoungGen      total 25088K, used 24965K [0x00000000d5580000, 0x00000000d7300000, 0x0000000100000000)
  eden space 23552K, 100% used [0x00000000d5580000,0x00000000d6c80000,0x00000000d6c80000)
  from space 1536K, 92% used [0x00000000d6e80000,0x00000000d6fe1628,0x00000000d7000000)
  to   space 2048K, 0% used [0x00000000d7100000,0x00000000d7100000,0x00000000d7300000)
 ParOldGen       total 68608K, used 13331K [0x0000000080000000, 0x0000000084300000, 0x00000000d5580000)
  object space 68608K, 19% used [0x0000000080000000,0x0000000080d04ff0,0x0000000084300000)
 Metaspace       used 28050K, committed 29056K, reserved 1114112K
  class space    used 2787K, committed 3200K, reserved 1048576K
}
Event: 5.601 GC heap after
{Heap after GC invocations=11 (full 1):
 PSYoungGen      total 25088K, used 1947K [0x00000000d5580000, 0x00000000d7300000, 0x0000000100000000)
  eden space 23040K, 0% used [0x00000000d5580000,0x00000000d5580000,0x00000000d6c00000)
  from space 2048K, 95% used [0x00000000d7100000,0x00000000d72e6da0,0x00000000d7300000)
  to   space 2560K, 0% used [0x00000000d6e00000,0x00000000d6e00000,0x00000000d7080000)
 ParOldGen       total 68608K, used 14953K [0x0000000080000000, 0x0000000084300000, 0x00000000d5580000)
  object space 68608K, 21% used [0x0000000080000000,0x0000000080e9a510,0x0000000084300000)
 Metaspace       used 28050K, committed 29056K, reserved 1114112K
  class space    used 2787K, committed 3200K, reserved 1048576K
}
Event: 5.934 GC heap before
{Heap before GC invocations=12 (full 1):
 PSYoungGen      total 25088K, used 24987K [0x00000000d5580000, 0x00000000d7300000, 0x0000000100000000)
  eden space 23040K, 100% used [0x00000000d5580000,0x00000000d6c00000,0x00000000d6c00000)
  from space 2048K, 95% used [0x00000000d7100000,0x00000000d72e6da0,0x00000000d7300000)
  to   space 2560K, 0% used [0x00000000d6e00000,0x00000000d6e00000,0x00000000d7080000)
 ParOldGen       total 68608K, used 14953K [0x0000000080000000, 0x0000000084300000, 0x00000000d5580000)
  object space 68608K, 21% used [0x0000000080000000,0x0000000080e9a510,0x0000000084300000)
 Metaspace       used 31254K, committed 32448K, reserved 1114112K
  class space    used 3128K, committed 3648K, reserved 1048576K
}
Event: 5.937 GC heap after
{Heap after GC invocations=12 (full 1):
 PSYoungGen      total 25088K, used 2527K [0x00000000d5580000, 0x00000000d7180000, 0x0000000100000000)
  eden space 22528K, 0% used [0x00000000d5580000,0x00000000d5580000,0x00000000d6b80000)
  from space 2560K, 98% used [0x00000000d6e00000,0x00000000d7077df0,0x00000000d7080000)
  to   space 1024K, 0% used [0x00000000d7080000,0x00000000d7080000,0x00000000d7180000)
 ParOldGen       total 68608K, used 16704K [0x0000000080000000, 0x0000000084300000, 0x00000000d5580000)
  object space 68608K, 24% used [0x0000000080000000,0x0000000081050250,0x0000000084300000)
 Metaspace       used 31254K, committed 32448K, reserved 1114112K
  class space    used 3128K, committed 3648K, reserved 1048576K
}
Event: 6.191 GC heap before
{Heap before GC invocations=13 (full 1):
 PSYoungGen      total 25088K, used 25055K [0x00000000d5580000, 0x00000000d7180000, 0x0000000100000000)
  eden space 22528K, 100% used [0x00000000d5580000,0x00000000d6b80000,0x00000000d6b80000)
  from space 2560K, 98% used [0x00000000d6e00000,0x00000000d7077df0,0x00000000d7080000)
  to   space 1024K, 0% used [0x00000000d7080000,0x00000000d7080000,0x00000000d7180000)
 ParOldGen       total 68608K, used 16704K [0x0000000080000000, 0x0000000084300000, 0x00000000d5580000)
  object space 68608K, 24% used [0x0000000080000000,0x0000000081050250,0x0000000084300000)
 Metaspace       used 33891K, committed 35008K, reserved 1114112K
  class space    used 3471K, committed 3968K, reserved 1048576K
}
Event: 6.194 GC heap after
{Heap after GC invocations=13 (full 1):
 PSYoungGen      total 23040K, used 1024K [0x00000000d5580000, 0x00000000d7400000, 0x0000000100000000)
  eden space 22016K, 0% used [0x00000000d5580000,0x00000000d5580000,0x00000000d6b00000)
  from space 1024K, 100% used [0x00000000d7080000,0x00000000d7180000,0x00000000d7180000)
  to   space 4608K, 0% used [0x00000000d6b00000,0x00000000d6b00000,0x00000000d6f80000)
 ParOldGen       total 68608K, used 19723K [0x0000000080000000, 0x0000000084300000, 0x00000000d5580000)
  object space 68608K, 28% used [0x0000000080000000,0x0000000081342cd8,0x0000000084300000)
 Metaspace       used 33891K, committed 35008K, reserved 1114112K
  class space    used 3471K, committed 3968K, reserved 1048576K
}
Event: 6.293 GC heap before
{Heap before GC invocations=14 (full 1):
 PSYoungGen      total 23040K, used 9478K [0x00000000d5580000, 0x00000000d7400000, 0x0000000100000000)
  eden space 22016K, 38% used [0x00000000d5580000,0x00000000d5dc1bd0,0x00000000d6b00000)
  from space 1024K, 100% used [0x00000000d7080000,0x00000000d7180000,0x00000000d7180000)
  to   space 4608K, 0% used [0x00000000d6b00000,0x00000000d6b00000,0x00000000d6f80000)
 ParOldGen       total 68608K, used 19723K [0x0000000080000000, 0x0000000084300000, 0x00000000d5580000)
  object space 68608K, 28% used [0x0000000080000000,0x0000000081342cd8,0x0000000084300000)
 Metaspace       used 34748K, committed 35840K, reserved 1114112K
  class space    used 3583K, committed 4096K, reserved 1048576K
}
Event: 6.295 GC heap after
{Heap after GC invocations=14 (full 1):
 PSYoungGen      total 23040K, used 608K [0x00000000d5580000, 0x00000000d7100000, 0x0000000100000000)
  eden space 22016K, 0% used [0x00000000d5580000,0x00000000d5580000,0x00000000d6b00000)
  from space 1024K, 59% used [0x00000000d6b00000,0x00000000d6b981d0,0x00000000d6c00000)
  to   space 2048K, 0% used [0x00000000d6f00000,0x00000000d6f00000,0x00000000d7100000)
 ParOldGen       total 68608K, used 20739K [0x0000000080000000, 0x0000000084300000, 0x00000000d5580000)
  object space 68608K, 30% used [0x0000000080000000,0x0000000081440ce8,0x0000000084300000)
 Metaspace       used 34748K, committed 35840K, reserved 1114112K
  class space    used 3583K, committed 4096K, reserved 1048576K
}
Event: 6.295 GC heap before
{Heap before GC invocations=15 (full 2):
 PSYoungGen      total 23040K, used 608K [0x00000000d5580000, 0x00000000d7100000, 0x0000000100000000)
  eden space 22016K, 0% used [0x00000000d5580000,0x00000000d5580000,0x00000000d6b00000)
  from space 1024K, 59% used [0x00000000d6b00000,0x00000000d6b981d0,0x00000000d6c00000)
  to   space 2048K, 0% used [0x00000000d6f00000,0x00000000d6f00000,0x00000000d7100000)
 ParOldGen       total 68608K, used 20739K [0x0000000080000000, 0x0000000084300000, 0x00000000d5580000)
  object space 68608K, 30% used [0x0000000080000000,0x0000000081440ce8,0x0000000084300000)
 Metaspace       used 34748K, committed 35840K, reserved 1114112K
  class space    used 3583K, committed 4096K, reserved 1048576K
}
Event: 6.322 GC heap after
{Heap after GC invocations=15 (full 2):
 PSYoungGen      total 23040K, used 0K [0x00000000d5580000, 0x00000000d7100000, 0x0000000100000000)
  eden space 22016K, 0% used [0x00000000d5580000,0x00000000d5580000,0x00000000d6b00000)
  from space 1024K, 0% used [0x00000000d6b00000,0x00000000d6b00000,0x00000000d6c00000)
  to   space 2048K, 0% used [0x00000000d6f00000,0x00000000d6f00000,0x00000000d7100000)
 ParOldGen       total 68608K, used 20191K [0x0000000080000000, 0x0000000084300000, 0x00000000d5580000)
  object space 68608K, 29% used [0x0000000080000000,0x00000000813b7f00,0x0000000084300000)
 Metaspace       used 34748K, committed 35840K, reserved 1114112K
  class space    used 3583K, committed 4096K, reserved 1048576K
}
Event: 6.512 GC heap before
{Heap before GC invocations=16 (full 2):
 PSYoungGen      total 23040K, used 22016K [0x00000000d5580000, 0x00000000d7100000, 0x0000000100000000)
  eden space 22016K, 100% used [0x00000000d5580000,0x00000000d6b00000,0x00000000d6b00000)
  from space 1024K, 0% used [0x00000000d6b00000,0x00000000d6b00000,0x00000000d6c00000)
  to   space 2048K, 0% used [0x00000000d6f00000,0x00000000d6f00000,0x00000000d7100000)
 ParOldGen       total 68608K, used 20191K [0x0000000080000000, 0x0000000084300000, 0x00000000d5580000)
  object space 68608K, 29% used [0x0000000080000000,0x00000000813b7f00,0x0000000084300000)
 Metaspace       used 36754K, committed 37952K, reserved 1114112K
  class space    used 3816K, committed 4352K, reserved 1048576K
}
Event: 6.516 GC heap after
{Heap after GC invocations=16 (full 2):
 PSYoungGen      total 21504K, used 2048K [0x00000000d5580000, 0x00000000d7800000, 0x0000000100000000)
  eden space 19456K, 0% used [0x00000000d5580000,0x00000000d5580000,0x00000000d6880000)
  from space 2048K, 100% used [0x00000000d6f00000,0x00000000d7100000,0x00000000d7100000)
  to   space 6656K, 0% used [0x00000000d6880000,0x00000000d6880000,0x00000000d6f00000)
 ParOldGen       total 68608K, used 23820K [0x0000000080000000, 0x0000000084300000, 0x00000000d5580000)
  object space 68608K, 34% used [0x0000000080000000,0x00000000817433f0,0x0000000084300000)
 Metaspace       used 36754K, committed 37952K, reserved 1114112K
  class space    used 3816K, committed 4352K, reserved 1048576K
}
Event: 6.786 GC heap before
{Heap before GC invocations=17 (full 2):
 PSYoungGen      total 21504K, used 21504K [0x00000000d5580000, 0x00000000d7800000, 0x0000000100000000)
  eden space 19456K, 100% used [0x00000000d5580000,0x00000000d6880000,0x00000000d6880000)
  from space 2048K, 100% used [0x00000000d6f00000,0x00000000d7100000,0x00000000d7100000)
  to   space 6656K, 0% used [0x00000000d6880000,0x00000000d6880000,0x00000000d6f00000)
 ParOldGen       total 68608K, used 23820K [0x0000000080000000, 0x0000000084300000, 0x00000000d5580000)
  object space 68608K, 34% used [0x0000000080000000,0x00000000817433f0,0x0000000084300000)
 Metaspace       used 38450K, committed 39680K, reserved 1114112K
  class space    used 4066K, committed 4608K, reserved 1048576K
}
Event: 6.790 GC heap after
{Heap after GC invocations=17 (full 2):
 PSYoungGen      total 24576K, used 4992K [0x00000000d5580000, 0x00000000d7380000, 0x0000000100000000)
  eden space 19456K, 0% used [0x00000000d5580000,0x00000000d5580000,0x00000000d6880000)
  from space 5120K, 97% used [0x00000000d6880000,0x00000000d6d60020,0x00000000d6d80000)
  to   space 5632K, 0% used [0x00000000d6e00000,0x00000000d6e00000,0x00000000d7380000)
 ParOldGen       total 68608K, used 25844K [0x0000000080000000, 0x0000000084300000, 0x00000000d5580000)
  object space 68608K, 37% used [0x0000000080000000,0x000000008193d3b0,0x0000000084300000)
 Metaspace       used 38450K, committed 39680K, reserved 1114112K
  class space    used 4066K, committed 4608K, reserved 1048576K
}
Event: 7.076 GC heap before
{Heap before GC invocations=18 (full 2):
 PSYoungGen      total 24576K, used 24448K [0x00000000d5580000, 0x00000000d7380000, 0x0000000100000000)
  eden space 19456K, 100% used [0x00000000d5580000,0x00000000d6880000,0x00000000d6880000)
  from space 5120K, 97% used [0x00000000d6880000,0x00000000d6d60020,0x00000000d6d80000)
  to   space 5632K, 0% used [0x00000000d6e00000,0x00000000d6e00000,0x00000000d7380000)
 ParOldGen       total 68608K, used 25844K [0x0000000080000000, 0x0000000084300000, 0x00000000d5580000)
  object space 68608K, 37% used [0x0000000080000000,0x000000008193d3b0,0x0000000084300000)
 Metaspace       used 39544K, committed 40832K, reserved 1114112K
  class space    used 4210K, committed 4800K, reserved 1048576K
}
Event: 7.082 GC heap after
{Heap after GC invocations=18 (full 2):
 PSYoungGen      total 20480K, used 608K [0x00000000d5580000, 0x00000000d6f00000, 0x0000000100000000)
  eden space 19456K, 0% used [0x00000000d5580000,0x00000000d5580000,0x00000000d6880000)
  from space 1024K, 59% used [0x00000000d6e00000,0x00000000d6e98000,0x00000000d6f00000)
  to   space 2560K, 0% used [0x00000000d6a00000,0x00000000d6a00000,0x00000000d6c80000)
 ParOldGen       total 68608K, used 30673K [0x0000000080000000, 0x0000000084300000, 0x00000000d5580000)
  object space 68608K, 44% used [0x0000000080000000,0x0000000081df45c0,0x0000000084300000)
 Metaspace       used 39544K, committed 40832K, reserved 1114112K
  class space    used 4210K, committed 4800K, reserved 1048576K
}
Event: 7.445 GC heap before
{Heap before GC invocations=19 (full 2):
 PSYoungGen      total 20480K, used 19990K [0x00000000d5580000, 0x00000000d6f00000, 0x0000000100000000)
  eden space 19456K, 99% used [0x00000000d5580000,0x00000000d686d988,0x00000000d6880000)
  from space 1024K, 59% used [0x00000000d6e00000,0x00000000d6e98000,0x00000000d6f00000)
  to   space 2560K, 0% used [0x00000000d6a00000,0x00000000d6a00000,0x00000000d6c80000)
 ParOldGen       total 68608K, used 30673K [0x0000000080000000, 0x0000000084300000, 0x00000000d5580000)
  object space 68608K, 44% used [0x0000000080000000,0x0000000081df45c0,0x0000000084300000)
 Metaspace       used 41407K, committed 42560K, reserved 1114112K
  class space    used 4449K, committed 4992K, reserved 1048576K
}
Event: 7.446 GC heap after
{Heap after GC invocations=19 (full 2):
 PSYoungGen      total 22016K, used 937K [0x00000000d5580000, 0x00000000d6e80000, 0x0000000100000000)
  eden space 19456K, 0% used [0x00000000d5580000,0x00000000d5580000,0x00000000d6880000)
  from space 2560K, 36% used [0x00000000d6a00000,0x00000000d6aea450,0x00000000d6c80000)
  to   space 1536K, 0% used [0x00000000d6d00000,0x00000000d6d00000,0x00000000d6e80000)
 ParOldGen       total 68608K, used 31049K [0x0000000080000000, 0x0000000084300000, 0x00000000d5580000)
  object space 68608K, 45% used [0x0000000080000000,0x0000000081e525c0,0x0000000084300000)
 Metaspace       used 41407K, committed 42560K, reserved 1114112K
  class space    used 4449K, committed 4992K, reserved 1048576K
}

Dll operation events (10 events):
Event: 0.015 Loaded shared library c:\Users\VENNELA SREE\.vscode\extensions\redhat.java-1.54.0-win32-x64\jre\21.0.10-win32-x86_64\bin\java.dll
Event: 0.075 Loaded shared library c:\Users\VENNELA SREE\.vscode\extensions\redhat.java-1.54.0-win32-x64\jre\21.0.10-win32-x86_64\bin\zip.dll
Event: 0.093 Loaded shared library C:\Users\VENNELA SREE\.vscode\extensions\redhat.java-1.54.0-win32-x64\jre\21.0.10-win32-x86_64\bin\instrument.dll
Event: 0.098 Loaded shared library C:\Users\VENNELA SREE\.vscode\extensions\redhat.java-1.54.0-win32-x64\jre\21.0.10-win32-x86_64\bin\net.dll
Event: 0.101 Loaded shared library C:\Users\VENNELA SREE\.vscode\extensions\redhat.java-1.54.0-win32-x64\jre\21.0.10-win32-x86_64\bin\nio.dll
Event: 0.103 Loaded shared library C:\Users\VENNELA SREE\.vscode\extensions\redhat.java-1.54.0-win32-x64\jre\21.0.10-win32-x86_64\bin\zip.dll
Event: 0.120 Loaded shared library C:\Users\VENNELA SREE\.vscode\extensions\redhat.java-1.54.0-win32-x64\jre\21.0.10-win32-x86_64\bin\jimage.dll
Event: 0.184 Loaded shared library c:\Users\VENNELA SREE\.vscode\extensions\redhat.java-1.54.0-win32-x64\jre\21.0.10-win32-x86_64\bin\verify.dll
Event: 1.309 Loaded shared library C:\Users\VENNELA SREE\AppData\Roaming\Code\User\globalStorage\redhat.java\1.54.0\config_win\org.eclipse.equinox.launcher\org.eclipse.equinox.launcher.win32.win32.x86_64_1.3.0.v20260203-2149\eclipse_11919.dll
Event: 4.513 Loaded shared library C:\Users\VENNELA SREE\AppData\Local\Temp\jna-2003541204\jna14940096443405023291.dll

Deoptimization events (20 events):
Event: 6.795 Thread 0x00000214133227e0 DEOPT PACKING pc=0x00000213bf3d03b0 sp=0x000000a54d3fe280
Event: 6.795 Thread 0x00000214133227e0 DEOPT UNPACKING pc=0x00000213bed43aa2 sp=0x000000a54d3fe200 mode 2
Event: 6.957 Thread 0x00000214133227e0 DEOPT PACKING pc=0x00000213b78b2353 sp=0x000000a54d3fe060
Event: 6.957 Thread 0x00000214133227e0 DEOPT UNPACKING pc=0x00000213bed44242 sp=0x000000a54d3fd4d0 mode 0
Event: 7.405 Thread 0x00000214133227e0 Uncommon trap: trap_request=0xffffffd6 fr.pc=0x00000213bf32fc68 relative=0x00000000000000c8
Event: 7.405 Thread 0x00000214133227e0 Uncommon trap: reason=array_check action=maybe_recompile pc=0x00000213bf32fc68 method=java.util.stream.Nodes$FixedNodeBuilder.accept(Ljava/lang/Object;)V @ 28 c2
Event: 7.405 Thread 0x00000214133227e0 DEOPT PACKING pc=0x00000213bf32fc68 sp=0x000000a54d3fe0f0
Event: 7.405 Thread 0x00000214133227e0 DEOPT UNPACKING pc=0x00000213bed43aa2 sp=0x000000a54d3fe070 mode 2
Event: 7.405 Thread 0x00000214133227e0 Uncommon trap: trap_request=0xffffffd6 fr.pc=0x00000213bf32fc68 relative=0x00000000000000c8
Event: 7.405 Thread 0x00000214133227e0 Uncommon trap: reason=array_check action=maybe_recompile pc=0x00000213bf32fc68 method=java.util.stream.Nodes$FixedNodeBuilder.accept(Ljava/lang/Object;)V @ 28 c2
Event: 7.405 Thread 0x00000214133227e0 DEOPT PACKING pc=0x00000213bf32fc68 sp=0x000000a54d3fe0d0
Event: 7.405 Thread 0x00000214133227e0 DEOPT UNPACKING pc=0x00000213bed43aa2 sp=0x000000a54d3fe050 mode 2
Event: 7.405 Thread 0x00000214133227e0 Uncommon trap: trap_request=0xffffffd6 fr.pc=0x00000213bf32fc68 relative=0x00000000000000c8
Event: 7.405 Thread 0x00000214133227e0 Uncommon trap: reason=array_check action=maybe_recompile pc=0x00000213bf32fc68 method=java.util.stream.Nodes$FixedNodeBuilder.accept(Ljava/lang/Object;)V @ 28 c2
Event: 7.405 Thread 0x00000214133227e0 DEOPT PACKING pc=0x00000213bf32fc68 sp=0x000000a54d3fe0d0
Event: 7.405 Thread 0x00000214133227e0 DEOPT UNPACKING pc=0x00000213bed43aa2 sp=0x000000a54d3fe050 mode 2
Event: 7.405 Thread 0x00000214133227e0 Uncommon trap: trap_request=0xffffffd6 fr.pc=0x00000213bf32fc68 relative=0x00000000000000c8
Event: 7.405 Thread 0x00000214133227e0 Uncommon trap: reason=array_check action=maybe_recompile pc=0x00000213bf32fc68 method=java.util.stream.Nodes$FixedNodeBuilder.accept(Ljava/lang/Object;)V @ 28 c2
Event: 7.405 Thread 0x00000214133227e0 DEOPT PACKING pc=0x00000213bf32fc68 sp=0x000000a54d3fe0d0
Event: 7.405 Thread 0x00000214133227e0 DEOPT UNPACKING pc=0x00000213bed43aa2 sp=0x000000a54d3fe050 mode 2

Classes loaded (20 events):
Event: 6.753 Loading class java/lang/annotation/IncompleteAnnotationException
Event: 6.753 Loading class java/lang/annotation/IncompleteAnnotationException done
Event: 6.807 Loading class java/lang/foreign/MemorySegment
Event: 6.807 Loading class java/lang/foreign/MemorySegment done
Event: 7.170 Loading class sun/reflect/annotation/AnnotatedTypeFactory$AnnotatedParameterizedTypeImpl
Event: 7.170 Loading class java/lang/reflect/AnnotatedParameterizedType
Event: 7.170 Loading class java/lang/reflect/AnnotatedParameterizedType done
Event: 7.170 Loading class sun/reflect/annotation/AnnotatedTypeFactory$AnnotatedParameterizedTypeImpl done
Event: 7.343 Loading class sun/reflect/generics/scope/ConstructorScope
Event: 7.343 Loading class sun/reflect/generics/scope/ConstructorScope done
Event: 7.343 Loading class sun/reflect/generics/tree/VoidDescriptor
Event: 7.343 Loading class sun/reflect/generics/tree/VoidDescriptor done
Event: 7.420 Loading class java/util/concurrent/CompletionService
Event: 7.420 Loading class java/util/concurrent/CompletionService done
Event: 7.510 Loading class java/nio/channels/ServerSocketChannel
Event: 7.510 Loading class java/nio/channels/ServerSocketChannel done
Event: 7.627 Loading class java/lang/ExceptionInInitializerError
Event: 7.627 Loading class java/lang/ExceptionInInitializerError done
Event: 7.628 Loading class sun/misc/Unsafe
Event: 7.628 Loading class sun/misc/Unsafe done

Classes unloaded (7 events):
Event: 5.075 Thread 0x000002140c1e44e0 Unloading class 0x00000213cc1a9400 'java/lang/invoke/LambdaForm$MH+0x00000213cc1a9400'
Event: 5.075 Thread 0x000002140c1e44e0 Unloading class 0x00000213cc1a9000 'java/lang/invoke/LambdaForm$MH+0x00000213cc1a9000'
Event: 5.075 Thread 0x000002140c1e44e0 Unloading class 0x00000213cc1a8c00 'java/lang/invoke/LambdaForm$MH+0x00000213cc1a8c00'
Event: 5.075 Thread 0x000002140c1e44e0 Unloading class 0x00000213cc1a8800 'java/lang/invoke/LambdaForm$MH+0x00000213cc1a8800'
Event: 5.075 Thread 0x000002140c1e44e0 Unloading class 0x00000213cc1a8400 'java/lang/invoke/LambdaForm$BMH+0x00000213cc1a8400'
Event: 5.075 Thread 0x000002140c1e44e0 Unloading class 0x00000213cc1a8000 'java/lang/invoke/LambdaForm$DMH+0x00000213cc1a8000'
Event: 5.075 Thread 0x000002140c1e44e0 Unloading class 0x00000213cc1a6c00 'java/lang/invoke/LambdaForm$DMH+0x00000213cc1a6c00'

Classes redefined (0 events):
No events

Internal exceptions (20 events):
Event: 6.188 Thread 0x0000021413320080 Exception <a 'sun/nio/fs/WindowsException'{0x00000000d6b41240}> (0x00000000d6b41240) 
thrown [s\src\hotspot\share\prims\jni.cpp, line 520]
Event: 6.188 Thread 0x0000021413320080 Exception <a 'sun/nio/fs/WindowsException'{0x00000000d6b41ae0}> (0x00000000d6b41ae0) 
thrown [s\src\hotspot\share\prims\jni.cpp, line 520]
Event: 6.237 Thread 0x00000214133227e0 Exception <a 'java/lang/NoSuchMethodError'{0x00000000d57d2440}: 'java.lang.Object java.lang.invoke.DirectMethodHandle$Holder.invokeSpecialIFC(java.lang.Object, java.lang.Object, java.lang.Object, java.lang.Object)'> (0x00000000d57d2440) 
thrown [s\src\hotspot\share\interpreter\linkResolver.cpp, line 773]
Event: 6.351 Thread 0x00000213b45c5100 Exception <a 'java/lang/NoSuchMethodError'{0x00000000d5b26c90}: 'void java.lang.invoke.DirectMethodHandle$Holder.invokeSpecial(java.lang.Object, java.lang.Object, java.lang.Object, java.lang.Object, java.lang.Object, java.lang.Object)'> (0x00000000d5b26c90) 
thrown [s\src\hotspot\share\interpreter\linkResolver.cpp, line 773]
Event: 6.352 Thread 0x00000213b45c5100 Exception <a 'java/lang/IncompatibleClassChangeError'{0x00000000d5b2ef30}: Found class java.lang.Object, but interface was expected> (0x00000000d5b2ef30) 
thrown [s\src\hotspot\share\interpreter\linkResolver.cpp, line 840]
Event: 6.352 Thread 0x00000213b45c5100 Exception <a 'java/lang/IncompatibleClassChangeError'{0x00000000d5b84318}: Found class java.lang.Object, but interface was expected> (0x00000000d5b84318) 
thrown [s\src\hotspot\share\interpreter\linkResolver.cpp, line 840]
Event: 6.352 Thread 0x0000021413320080 Exception <a 'sun/nio/fs/WindowsException'{0x00000000d5b6c5d8}> (0x00000000d5b6c5d8) 
thrown [s\src\hotspot\share\prims\jni.cpp, line 520]
Event: 6.375 Thread 0x0000021413320080 Exception <a 'java/io/FileNotFoundException'{0x00000000d5e6d2e0}> (0x00000000d5e6d2e0) 
thrown [s\src\hotspot\share\prims\jni.cpp, line 520]
Event: 6.375 Thread 0x0000021413320080 Exception <a 'java/io/FileNotFoundException'{0x00000000d5e6e8e8}> (0x00000000d5e6e8e8) 
thrown [s\src\hotspot\share\prims\jni.cpp, line 520]
Event: 6.376 Thread 0x0000021413320080 Exception <a 'java/lang/NoSuchMethodError'{0x00000000d5ec5c18}: 'java.lang.Object java.lang.invoke.DirectMethodHandle$Holder.newInvokeSpecial(java.lang.Object, java.lang.Object, java.lang.Object, int)'> (0x00000000d5ec5c18) 
thrown [s\src\hotspot\share\interpreter\linkResolver.cpp, line 773]
Event: 6.377 Thread 0x0000021413320080 Exception <a 'java/lang/NoSuchMethodError'{0x00000000d5ec9890}: 'java.lang.Object java.lang.invoke.DirectMethodHandle$Holder.invokeSpecial(java.lang.Object, java.lang.Object, java.lang.Object, java.lang.Object, int)'> (0x00000000d5ec9890) 
thrown [s\src\hotspot\share\interpreter\linkResolver.cpp, line 773]
Event: 6.377 Thread 0x0000021413320080 Exception <a 'java/lang/NoSuchMethodError'{0x00000000d5eccd38}: 'java.lang.Object java.lang.invoke.Invokers$Holder.linkToTargetMethod(java.lang.Object, java.lang.Object, int, java.lang.Object)'> (0x00000000d5eccd38) 
thrown [s\src\hotspot\share\interpreter\linkResolver.cpp, line 773]
Event: 6.379 Thread 0x0000021413320080 Exception <a 'java/lang/NoSuchMethodError'{0x00000000d5f41bb0}: 'void java.lang.invoke.DirectMethodHandle$Holder.invokeStaticInit(java.lang.Object, java.lang.Object, java.lang.Object)'> (0x00000000d5f41bb0) 
thrown [s\src\hotspot\share\interpreter\linkResolver.cpp, line 773]
Event: 6.685 Thread 0x00000214150a5e60 Exception <a 'java/io/FileNotFoundException'{0x00000000d629f060}> (0x00000000d629f060) 
thrown [s\src\hotspot\share\prims\jni.cpp, line 520]
Event: 6.726 Thread 0x00000214150a5e60 Exception <a 'java/lang/NoSuchMethodError'{0x00000000d651db38}: 'java.lang.Object java.lang.invoke.DirectMethodHandle$Holder.invokeStatic(java.lang.Object, int, java.lang.Object, java.lang.Object)'> (0x00000000d651db38) 
thrown [s\src\hotspot\share\interpreter\linkResolver.cpp, line 773]
Event: 6.727 Thread 0x00000214150a5e60 Exception <a 'java/lang/NoSuchMethodError'{0x00000000d6521338}: 'java.lang.Object java.lang.invoke.DelegatingMethodHandle$Holder.delegate(java.lang.Object, int, java.lang.Object, java.lang.Object)'> (0x00000000d6521338) 
thrown [s\src\hotspot\share\interpreter\linkResolver.cpp, line 773]
Event: 6.728 Thread 0x00000214150a5e60 Implicit null exception at 0x00000213bf456cf6 to 0x00000213bf457018
Event: 6.730 Thread 0x00000214150a5e60 Exception <a 'java/lang/NoSuchMethodError'{0x00000000d6551e18}: 'int java.lang.invoke.Invokers$Holder.linkToTargetMethod(java.lang.Object, java.lang.Object, java.lang.Object)'> (0x00000000d6551e18) 
thrown [s\src\hotspot\share\interpreter\linkResolver.cpp, line 773]
Event: 6.753 Thread 0x00000214133227e0 Exception <a 'java/lang/NoClassDefFoundError'{0x00000000d66b85f0}: javax/enterprise/inject/Typed> (0x00000000d66b85f0) 
thrown [s\src\hotspot\share\classfile\systemDictionary.cpp, line 301]
Event: 7.629 Thread 0x00000214133227e0 Exception <a 'java/lang/ExceptionInInitializerError'{0x00000000d631f4c0}> (0x00000000d631f4c0) 
thrown [s\src\hotspot\share\oops\instanceKlass.cpp, line 1220]

ZGC Phase Switch (0 events):
No events

VM Operations (20 events):
Event: 6.191 Executing safepoint VM operation: ParallelGCFailedAllocation (Allocation Failure)
Event: 6.194 Executing safepoint VM operation: ParallelGCFailedAllocation (Allocation Failure) done
Event: 6.293 Executing safepoint VM operation: CollectForMetadataAllocation (Metadata GC Threshold)
Event: 6.322 Executing safepoint VM operation: CollectForMetadataAllocation (Metadata GC Threshold) done
Event: 6.506 Executing safepoint VM operation: ParallelGCFailedAllocation (Allocation Failure)
Event: 6.516 Executing safepoint VM operation: ParallelGCFailedAllocation (Allocation Failure) done
Event: 6.654 Executing non-safepoint VM operation: HandshakeAllThreads (Deoptimize)
Event: 6.667 Executing non-safepoint VM operation: HandshakeAllThreads (Deoptimize) done
Event: 6.743 Executing non-safepoint VM operation: HandshakeAllThreads (Deoptimize)
Event: 6.743 Executing non-safepoint VM operation: HandshakeAllThreads (Deoptimize) done
Event: 6.785 Executing safepoint VM operation: ParallelGCFailedAllocation (Allocation Failure)
Event: 6.790 Executing safepoint VM operation: ParallelGCFailedAllocation (Allocation Failure) done
Event: 7.076 Executing safepoint VM operation: ParallelGCFailedAllocation (Allocation Failure)
Event: 7.082 Executing safepoint VM operation: ParallelGCFailedAllocation (Allocation Failure) done
Event: 7.265 Executing non-safepoint VM operation: HandshakeAllThreads (Deoptimize)
Event: 7.265 Executing non-safepoint VM operation: HandshakeAllThreads (Deoptimize) done
Event: 7.445 Executing safepoint VM operation: ParallelGCFailedAllocation (Allocation Failure)
Event: 7.446 Executing safepoint VM operation: ParallelGCFailedAllocation (Allocation Failure) done
Event: 7.493 Executing non-safepoint VM operation: HandshakeAllThreads (Deoptimize)
Event: 7.493 Executing non-safepoint VM operation: HandshakeAllThreads (Deoptimize) done

Memory protections (0 events):
No events

Nmethod flushes (20 events):
Event: 6.307 Thread 0x000002140c1e44e0 flushing  nmethod 0x00000213b7e20010
Event: 6.307 Thread 0x000002140c1e44e0 flushing  nmethod 0x00000213b7e20910
Event: 6.307 Thread 0x000002140c1e44e0 flushing  nmethod 0x00000213b7e21b10
Event: 6.307 Thread 0x000002140c1e44e0 flushing  nmethod 0x00000213b7e22790
Event: 6.307 Thread 0x000002140c1e44e0 flushing  nmethod 0x00000213b7e22f10
Event: 6.307 Thread 0x000002140c1e44e0 flushing  nmethod 0x00000213b7e24490
Event: 6.307 Thread 0x000002140c1e44e0 flushing  nmethod 0x00000213b7e24990
Event: 6.307 Thread 0x000002140c1e44e0 flushing  nmethod 0x00000213b7e25290
Event: 6.307 Thread 0x000002140c1e44e0 flushing  nmethod 0x00000213b7e26290
Event: 6.307 Thread 0x000002140c1e44e0 flushing  nmethod 0x00000213b7e28390
Event: 6.307 Thread 0x000002140c1e44e0 flushing  nmethod 0x00000213b7e28b90
Event: 6.307 Thread 0x000002140c1e44e0 flushing  nmethod 0x00000213b7e29110
Event: 6.307 Thread 0x000002140c1e44e0 flushing  nmethod 0x00000213b7e32410
Event: 6.307 Thread 0x000002140c1e44e0 flushing  nmethod 0x00000213b7e3af10
Event: 6.307 Thread 0x000002140c1e44e0 flushing  nmethod 0x00000213b7e63890
Event: 6.307 Thread 0x000002140c1e44e0 flushing  nmethod 0x00000213b7e68790
Event: 6.307 Thread 0x000002140c1e44e0 flushing  nmethod 0x00000213b7e6a490
Event: 6.307 Thread 0x000002140c1e44e0 flushing  nmethod 0x00000213b7e70d90
Event: 6.307 Thread 0x000002140c1e44e0 flushing  nmethod 0x00000213b7f0a690
Event: 6.307 Thread 0x000002140c1e44e0 flushing  nmethod 0x00000213b7f24b90

Events (20 events):
Event: 5.994 Thread 0x00000213b45c5100 Thread added: 0x00000214150a3070
Event: 5.994 Thread 0x00000213b45c5100 Thread added: 0x00000214150a0fa0
Event: 5.994 Thread 0x00000213b45c5100 Thread added: 0x000002141509fbf0
Event: 5.995 Thread 0x00000213b45c5100 Thread added: 0x00000214150a3700
Event: 5.995 Thread 0x00000213b45c5100 Thread added: 0x00000214150a0280
Event: 5.996 Thread 0x00000213b45c5100 Thread added: 0x00000214150a5140
Event: 6.020 Thread 0x00000213b45c5100 Thread added: 0x00000214150a2350
Event: 6.384 Thread 0x00000213b45c5100 Thread added: 0x00000214150a57d0
Event: 6.384 Thread 0x00000213b45c5100 Thread added: 0x00000214150a5e60
Event: 6.457 Thread 0x0000021413320080 Thread added: 0x00000214150a4420
Event: 6.458 Thread 0x0000021413320080 Thread added: 0x00000214150a64f0
Event: 6.459 Thread 0x00000214150a4420 Thread added: 0x00000214150a4ab0
Event: 6.460 Thread 0x00000214150a64f0 Thread added: 0x00000214150a6b80
Event: 6.462 Thread 0x00000214150a4ab0 Thread added: 0x00000214150a7210
Event: 6.463 Thread 0x00000214150a6b80 Thread added: 0x00000214150a3d90
Event: 6.464 Thread 0x00000214150a7210 Thread added: 0x000002141475fe80
Event: 6.466 Thread 0x00000214150a3d90 Thread added: 0x0000021414760ba0
Event: 6.467 Thread 0x000002141475fe80 Thread added: 0x0000021414760510
Event: 6.471 Thread 0x0000021414760ba0 Thread added: 0x0000021414761230
Event: 6.482 Thread 0x0000021414760510 Thread added: 0x000002141475ead0


Dynamic libraries:
0x00007ff7ad370000 - 0x00007ff7ad37e000 	c:\Users\VENNELA SREE\.vscode\extensions\redhat.java-1.54.0-win32-x64\jre\21.0.10-win32-x86_64\bin\java.exe
0x00007ffa92ba0000 - 0x00007ffa92e07000 	C:\WINDOWS\SYSTEM32\ntdll.dll
0x00007ffa48100000 - 0x00007ffa48121000 	C:\Program Files\Avast Software\Avast\aswhook.dll
0x00007ffa90a90000 - 0x00007ffa90b59000 	C:\WINDOWS\System32\KERNEL32.DLL
0x00007ffa8fab0000 - 0x00007ffa8fea7000 	C:\WINDOWS\System32\KERNELBASE.dll
0x00007ffa8f930000 - 0x00007ffa8fa7b000 	C:\WINDOWS\System32\ucrtbase.dll
0x00007ffa64a60000 - 0x00007ffa64a7e000 	c:\Users\VENNELA SREE\.vscode\extensions\redhat.java-1.54.0-win32-x64\jre\21.0.10-win32-x86_64\bin\VCRUNTIME140.dll
0x00007ffa62230000 - 0x00007ffa62248000 	c:\Users\VENNELA SREE\.vscode\extensions\redhat.java-1.54.0-win32-x64\jre\21.0.10-win32-x86_64\bin\jli.dll
0x00007ffa910d0000 - 0x00007ffa91296000 	C:\WINDOWS\System32\USER32.dll
0x00007ffa8fa80000 - 0x00007ffa8faa7000 	C:\WINDOWS\System32\win32u.dll
0x00007ffa6c720000 - 0x00007ffa6c9b2000 	C:\WINDOWS\WinSxS\amd64_microsoft.windows.common-controls_6595b64144ccf1df_6.0.26100.8328_none_3e08182ce334b678\COMCTL32.dll
0x00007ffa90b60000 - 0x00007ffa90b8b000 	C:\WINDOWS\System32\GDI32.dll
0x00007ffa91c60000 - 0x00007ffa91d09000 	C:\WINDOWS\System32\msvcrt.dll
0x00007ffa8f750000 - 0x00007ffa8f87c000 	C:\WINDOWS\System32\gdi32full.dll
0x00007ffa8f880000 - 0x00007ffa8f923000 	C:\WINDOWS\System32\msvcp_win.dll
0x00007ffa921a0000 - 0x00007ffa921d2000 	C:\WINDOWS\System32\IMM32.DLL
0x00007ffa85ec0000 - 0x00007ffa85ecc000 	c:\Users\VENNELA SREE\.vscode\extensions\redhat.java-1.54.0-win32-x64\jre\21.0.10-win32-x86_64\bin\vcruntime140_1.dll
0x00007ffa48990000 - 0x00007ffa48a1d000 	c:\Users\VENNELA SREE\.vscode\extensions\redhat.java-1.54.0-win32-x64\jre\21.0.10-win32-x86_64\bin\msvcp140.dll
0x00007ff9f8f70000 - 0x00007ff9f9d11000 	c:\Users\VENNELA SREE\.vscode\extensions\redhat.java-1.54.0-win32-x64\jre\21.0.10-win32-x86_64\bin\server\jvm.dll
0x00007ffa91010000 - 0x00007ffa910c6000 	C:\WINDOWS\System32\ADVAPI32.dll
0x00007ffa925b0000 - 0x00007ffa92657000 	C:\WINDOWS\System32\sechost.dll
0x00007ffa90c10000 - 0x00007ffa90d28000 	C:\WINDOWS\System32\RPCRT4.dll
0x00007ffa912a0000 - 0x00007ffa91320000 	C:\WINDOWS\System32\WS2_32.dll
0x00007ffa8edb0000 - 0x00007ffa8ee0e000 	C:\WINDOWS\SYSTEM32\POWRPROF.dll
0x00007ffa7a8f0000 - 0x00007ffa7a926000 	C:\WINDOWS\SYSTEM32\WINMM.dll
0x00007ffa85f90000 - 0x00007ffa85f9b000 	C:\WINDOWS\SYSTEM32\VERSION.dll
0x00007ffa8ed90000 - 0x00007ffa8eda4000 	C:\WINDOWS\SYSTEM32\UMPDC.dll
0x00007ffa8e340000 - 0x00007ffa8e35b000 	C:\WINDOWS\SYSTEM32\kernel.appcore.dll
0x00007ffa855d0000 - 0x00007ffa855da000 	c:\Users\VENNELA SREE\.vscode\extensions\redhat.java-1.54.0-win32-x64\jre\21.0.10-win32-x86_64\bin\jimage.dll
0x00007ffa8d3f0000 - 0x00007ffa8d632000 	C:\WINDOWS\SYSTEM32\DBGHELP.DLL
0x00007ffa92660000 - 0x00007ffa929e3000 	C:\WINDOWS\System32\combase.dll
0x00007ffa921e0000 - 0x00007ffa922b9000 	C:\WINDOWS\System32\OLEAUT32.dll
0x00007ffa842c0000 - 0x00007ffa842fb000 	C:\WINDOWS\SYSTEM32\dbgcore.DLL
0x00007ffa8feb0000 - 0x00007ffa8ff58000 	C:\WINDOWS\System32\bcryptPrimitives.dll
0x00007ffa792e0000 - 0x00007ffa792ef000 	c:\Users\VENNELA SREE\.vscode\extensions\redhat.java-1.54.0-win32-x64\jre\21.0.10-win32-x86_64\bin\instrument.dll
0x00007ffa4b160000 - 0x00007ffa4b180000 	c:\Users\VENNELA SREE\.vscode\extensions\redhat.java-1.54.0-win32-x64\jre\21.0.10-win32-x86_64\bin\java.dll
0x00007ffa914e0000 - 0x00007ffa91c4e000 	C:\WINDOWS\System32\SHELL32.dll
0x00007ffa8ff60000 - 0x00007ffa907cc000 	C:\WINDOWS\System32\windows.storage.dll
0x00007ffa922c0000 - 0x00007ffa923b6000 	C:\WINDOWS\System32\SHCORE.dll
0x00007ffa92af0000 - 0x00007ffa92b56000 	C:\WINDOWS\System32\shlwapi.dll
0x00007ffa8f4f0000 - 0x00007ffa8f519000 	C:\WINDOWS\SYSTEM32\profapi.dll
0x00007ffa4b140000 - 0x00007ffa4b158000 	c:\Users\VENNELA SREE\.vscode\extensions\redhat.java-1.54.0-win32-x64\jre\21.0.10-win32-x86_64\bin\zip.dll
0x00007ffa64c90000 - 0x00007ffa64ca0000 	C:\Users\VENNELA SREE\.vscode\extensions\redhat.java-1.54.0-win32-x64\jre\21.0.10-win32-x86_64\bin\net.dll
0x00007ffa86650000 - 0x00007ffa86779000 	C:\WINDOWS\SYSTEM32\WINHTTP.dll
0x00007ffa8e8d0000 - 0x00007ffa8e93c000 	C:\WINDOWS\system32\mswsock.dll
0x00007ffa49020000 - 0x00007ffa49036000 	C:\Users\VENNELA SREE\.vscode\extensions\redhat.java-1.54.0-win32-x64\jre\21.0.10-win32-x86_64\bin\nio.dll
0x00007ffa64b40000 - 0x00007ffa64b50000 	c:\Users\VENNELA SREE\.vscode\extensions\redhat.java-1.54.0-win32-x64\jre\21.0.10-win32-x86_64\bin\verify.dll
0x00007ffa48940000 - 0x00007ffa48985000 	C:\Users\VENNELA SREE\AppData\Roaming\Code\User\globalStorage\redhat.java\1.54.0\config_win\org.eclipse.equinox.launcher\org.eclipse.equinox.launcher.win32.win32.x86_64_1.3.0.v20260203-2149\eclipse_11919.dll
0x00007ffa91330000 - 0x00007ffa914c7000 	C:\WINDOWS\System32\ole32.dll
0x00007ffa8ebc0000 - 0x00007ffa8ebdb000 	C:\WINDOWS\SYSTEM32\CRYPTSP.dll
0x00007ffa8e2a0000 - 0x00007ffa8e2d9000 	C:\WINDOWS\system32\rsaenh.dll
0x00007ffa8e980000 - 0x00007ffa8e9b3000 	C:\WINDOWS\SYSTEM32\USERENV.dll
0x00007ffa8f4c0000 - 0x00007ffa8f4ea000 	C:\WINDOWS\SYSTEM32\bcrypt.dll
0x00007ffa8ebb0000 - 0x00007ffa8ebbc000 	C:\WINDOWS\SYSTEM32\CRYPTBASE.dll
0x00007ffa8dd20000 - 0x00007ffa8dd52000 	C:\WINDOWS\SYSTEM32\IPHLPAPI.DLL
0x00007ffa923c0000 - 0x00007ffa923ca000 	C:\WINDOWS\System32\NSI.dll
0x00007ffa48880000 - 0x00007ffa488c9000 	C:\Users\VENNELA SREE\AppData\Local\Temp\jna-2003541204\jna14940096443405023291.dll
0x00007ffa914d0000 - 0x00007ffa914d8000 	C:\WINDOWS\System32\PSAPI.DLL
0x00007ffa87760000 - 0x00007ffa8777d000 	C:\WINDOWS\SYSTEM32\dhcpcsvc6.DLL
0x00007ffa87670000 - 0x00007ffa87695000 	C:\WINDOWS\SYSTEM32\dhcpcsvc.DLL

JVMTI agents:
c:\Users\VENNELA SREE\.vscode\extensions\redhat.java-1.54.0-win32-x64\lombok\lombok-1.18.39-4050.jar path:c:\Users\VENNELA SREE\.vscode\extensions\redhat.java-1.54.0-win32-x64\jre\21.0.10-win32-x86_64\bin\instrument.dll, loaded, initialized, instrumentlib options:none

dbghelp: loaded successfully - version: 4.0.5 - missing functions: none
symbol engine: initialized successfully - sym options: 0x614 - pdb path: .;c:\Users\VENNELA SREE\.vscode\extensions\redhat.java-1.54.0-win32-x64\jre\21.0.10-win32-x86_64\bin;C:\WINDOWS\SYSTEM32;C:\Program Files\Avast Software\Avast;C:\WINDOWS\WinSxS\amd64_microsoft.windows.common-controls_6595b64144ccf1df_6.0.26100.8328_none_3e08182ce334b678;c:\Users\VENNELA SREE\.vscode\extensions\redhat.java-1.54.0-win32-x64\jre\21.0.10-win32-x86_64\bin\server;C:\Users\VENNELA SREE\AppData\Roaming\Code\User\globalStorage\redhat.java\1.54.0\config_win\org.eclipse.equinox.launcher\org.eclipse.equinox.launcher.win32.win32.x86_64_1.3.0.v20260203-2149;C:\Users\VENNELA SREE\AppData\Local\Temp\jna-2003541204

VM Arguments:
jvm_args: --add-modules=ALL-SYSTEM --add-opens=java.base/java.util=ALL-UNNAMED --add-opens=java.base/java.lang=ALL-UNNAMED --add-opens=java.base/sun.nio.fs=ALL-UNNAMED -Declipse.application=org.eclipse.jdt.ls.core.id1 -Dosgi.bundles.defaultStartLevel=4 -Declipse.product=org.eclipse.jdt.ls.core.product -Djava.import.generatesMetadataFilesAtProjectRoot=false -DDetectVMInstallationsJob.disabled=true -Dfile.encoding=utf8 -XX:+UseParallelGC -XX:GCTimeRatio=4 -XX:AdaptiveSizePolicyWeight=90 -Dsun.zip.disableMemoryMapping=true -Xmx2G -Xms100m -Xlog:disable -javaagent:c:\Users\VENNELA SREE\.vscode\extensions\redhat.java-1.54.0-win32-x64\lombok\lombok-1.18.39-4050.jar -XX:+HeapDumpOnOutOfMemoryError -XX:HeapDumpPath=c:\Users\VENNELA SREE\AppData\Roaming\Code\User\workspaceStorage\32236401eeac42081cef0cbb199c0051\redhat.java -Daether.dependencyCollector.impl=bf 
java_command: c:\Users\VENNELA SREE\.vscode\extensions\redhat.java-1.54.0-win32-x64\server\plugins\org.eclipse.equinox.launcher_1.7.100.v20251111-0406.jar -configuration c:\Users\VENNELA SREE\AppData\Roaming\Code\User\globalStorage\redhat.java\1.54.0\config_win -data c:\Users\VENNELA SREE\AppData\Roaming\Code\User\workspaceStorage\32236401eeac42081cef0cbb199c0051\redhat.java\jdt_ws --pipe=\\.\pipe\lsp-3dfa66cae550072dd294f8dce6327841-sock
java_class_path (initial): c:\Users\VENNELA SREE\.vscode\extensions\redhat.java-1.54.0-win32-x64\server\plugins\org.eclipse.equinox.launcher_1.7.100.v20251111-0406.jar
Launcher Type: SUN_STANDARD

[Global flags]
    uintx AdaptiveSizePolicyWeight                 = 90                                        {product} {command line}
     intx CICompilerCount                          = 4                                         {product} {ergonomic}
    uintx GCTimeRatio                              = 4                                         {product} {command line}
     bool HeapDumpOnOutOfMemoryError               = true                                   {manageable} {command line}
    ccstr HeapDumpPath                             = c:\Users\VENNELA SREE\AppData\Roaming\Code\User\workspaceStorage\32236401eeac42081cef0cbb199c0051\redhat.java         {manageable} {command line}
   size_t InitialHeapSize                          = 104857600                                 {product} {command line}
   size_t MaxHeapSize                              = 2147483648                                {product} {command line}
   size_t MaxNewSize                               = 715653120                                 {product} {ergonomic}
   size_t MinHeapDeltaBytes                        = 524288                                    {product} {ergonomic}
   size_t MinHeapSize                              = 104857600                                 {product} {command line}
   size_t NewSize                                  = 34603008                                  {product} {ergonomic}
    uintx NonNMethodCodeHeapSize                   = 5839372                                {pd product} {ergonomic}
    uintx NonProfiledCodeHeapSize                  = 122909434                              {pd product} {ergonomic}
   size_t OldSize                                  = 70254592                                  {product} {ergonomic}
    uintx ProfiledCodeHeapSize                     = 122909434                              {pd product} {ergonomic}
    uintx ReservedCodeCacheSize                    = 251658240                              {pd product} {ergonomic}
     bool SegmentedCodeCache                       = true                                      {product} {ergonomic}
   size_t SoftMaxHeapSize                          = 2147483648                             {manageable} {ergonomic}
     bool UseCompressedOops                        = true                           {product lp64_product} {ergonomic}
     bool UseLargePagesIndividualAllocation        = false                                  {pd product} {ergonomic}
     bool UseParallelGC                            = true                                      {product} {command line}

Logging:
Log output configuration:
 #0: stdout all=off uptime,level,tags foldmultilines=false
 #1: stderr all=off uptime,level,tags foldmultilines=false

Release file:
JAVA_VERSION="21.0.10" 
MODULES="java.base java.compiler java.datatransfer java.xml java.prefs java.desktop java.instrument java.logging java.management java.security.sasl java.naming java.rmi java.management.rmi java.net.http java.scripting java.security.jgss java.transaction.xa java.sql java.sql.rowset java.xml.crypto java.se java.smartcardio jdk.accessibility jdk.internal.jvmstat jdk.attach jdk.charsets jdk.internal.opt jdk.zipfs jdk.compiler jdk.crypto.ec jdk.crypto.cryptoki jdk.crypto.mscapi jdk.dynalink jdk.internal.ed jdk.editpad jdk.hotspot.agent jdk.httpserver jdk.internal.le jdk.internal.vm.ci jdk.internal.vm.compiler jdk.internal.vm.compiler.management jdk.jartool jdk.javadoc jdk.jcmd jdk.management jdk.management.agent jdk.jconsole jdk.jdeps jdk.jdwp.agent jdk.jdi jdk.jfr jdk.jshell jdk.jsobject jdk.jstatd jdk.localedata jdk.management.jfr jdk.naming.dns jdk.naming.rmi jdk.net jdk.nio.mapmode jdk.random jdk.sctp jdk.security.auth jdk.security.jgss jdk.unsupported jdk.unsupported.desktop jdk.xml.dom" 

Environment Variables:
JAVA_HOME=C:\Java\jdk-25
CLASSPATH=C:\Program Files\Java\jdk-24
PATH=C:\Users\VENNELA SREE\AppData\Local\Programs\Microsoft VS Code;C:\Java\jdk-25\bin;C:\Program Files\Common Files\Oracle\Java\javapath;C:\windows\system32;C:\windows;C:\windows\System32\Wbem;C:\windows\System32\WindowsPowerShell\v1.0\;C:\windows\System32\OpenSSH\;C:\Program Files (x86)\NVIDIA Corporation\PhysX\Common;C:\Program Files\NVIDIA Corporation\NVIDIA NvDLISR;C:\Users\Administrator\AppData\Local\Microsoft\WindowsApps;C:\Program Files\HP\OMEN-Broadcast\Common;C:\WINDOWS\system32;C:\WINDOWS;C:\WINDOWS\System32\Wbem;C:\WINDOWS\System32\WindowsPowerShell\v1.0\;C:\WINDOWS\System32\OpenSSH\;C:\Program Files\nodejs\;C:\Program Files\Git\cmd;C:\mysql-connector-j-9.4.0;C:\apache-maven-3.9.12\bin;C:\Program Files\PyManager\;C:\Program Files\Amazon\AWSCLIV2\;C:\Users\VENNELA SREE\AppData\Local\Programs\Python\Python311\Scripts\;C:\Users\VENNELA SREE\AppData\Local\Programs\Python\Python311\;C:\Program Files\MySQL\MySQL Shell 8.0\bin\;C:\Users\VENNELA SREE\AppData\Local\Programs\Python\Python313\Scripts\;C:\Users\VENNELA SREE\AppData\Local\Programs\Python\Python313\;C:\Users\VENNELA SREE\AppData\Local\Microsoft\WindowsApps;C:\MinGW\bin;C:\Program Files\MongoDB\Server\8.2\bin;C:\Users\VENNELA SREE\AppData\Roaming\npm;C:\Users\VENNELA SREE\Downloads\apache-maven-3.9.12-bin\apache-maven-3.9.12\bin;C:\Program Files\JetBrains\PyCharm 2025.3.1\bin;C:\Users\VENNELA SREE\AppData\Local\GitHubDesktop\bin;C:\Users\VENNELA SREE\AppData\Local\Programs\Microsoft VS Code\bin;C:\Users\VENNELA SREE\AppData\Local\Programs\cursor\resources\app\bin;C:\Users\VENNELA SREE\AppData\Local\Programs\Antigravity\bin
USERNAME=VENNELA SREE
OS=Windows_NT
PROCESSOR_IDENTIFIER=Intel64 Family 6 Model 186 Stepping 2, GenuineIntel
TMP=C:\Users\VENNEL~1\AppData\Local\Temp
TEMP=C:\Users\VENNEL~1\AppData\Local\Temp




Periodic native trim disabled

---------------  S Y S T E M  ---------------

OS:
 Windows 11 , 64 bit Build 26100 (10.0.26100.8328)
OS uptime: 0 days 3:23 hours
Hyper-V role detected

CPU: total 12 (initial active 12) (6 cores per cpu, 2 threads per core) family 6 model 186 stepping 2 microcode 0x4122, cx8, cmov, fxsr, ht, mmx, 3dnowpref, sse, sse2, sse3, ssse3, sse4.1, sse4.2, popcnt, lzcnt, tsc, tscinvbit, avx, avx2, aes, erms, clmul, bmi1, bmi2, adx, sha, fma, vzeroupper, clflush, clflushopt, clwb, hv, serialize, rdtscp, rdpid, fsrm, f16c, cet_ibt, cet_ss
Processor Information for processor 0
  Max Mhz: 2100, Current Mhz: 2100, Mhz Limit: 2100
Processor Information for processor 1
  Max Mhz: 2100, Current Mhz: 2100, Mhz Limit: 2100
Processor Information for processor 2
  Max Mhz: 2100, Current Mhz: 2100, Mhz Limit: 2100
Processor Information for processor 3
  Max Mhz: 2100, Current Mhz: 2100, Mhz Limit: 2100
Processor Information for processor 4
  Max Mhz: 2100, Current Mhz: 2100, Mhz Limit: 2100
Processor Information for processor 5
  Max Mhz: 2100, Current Mhz: 1453, Mhz Limit: 2100
Processor Information for processor 6
  Max Mhz: 2100, Current Mhz: 2100, Mhz Limit: 2100
Processor Information for processor 7
  Max Mhz: 2100, Current Mhz: 2100, Mhz Limit: 2100
Processor Information for processor 8
  Max Mhz: 2100, Current Mhz: 2100, Mhz Limit: 2100
Processor Information for processor 9
  Max Mhz: 2100, Current Mhz: 1540, Mhz Limit: 2100
Processor Information for processor 10
  Max Mhz: 2100, Current Mhz: 1540, Mhz Limit: 2100
Processor Information for processor 11
  Max Mhz: 2100, Current Mhz: 1540, Mhz Limit: 2100

Memory: 4k page, system-wide physical 16024M (2428M free)
TotalPageFile size 16846M (AvailPageFile size 1M)
current process WorkingSet (physical memory assigned to process): 229M, peak: 235M
current process commit charge ("private bytes"): 342M, peak: 351M

vm_info: OpenJDK 64-Bit Server VM (21.0.10+7-LTS) for windows-amd64 JRE (21.0.10+7-LTS), built on 2026-01-20T00:00:00Z by "admin" with MS VC++ 17.12 (VS2022)

END.
