#
# There is insufficient memory for the Java Runtime Environment to continue.
# Native memory allocation (malloc) failed to allocate 1048576 bytes. Error detail: AllocateHeap
# Possible reasons:
#   The system is out of physical RAM or swap space
#   This process is running with CompressedOops enabled, and the Java Heap may be blocking the growth of the native heap
# Possible solutions:
#   Reduce memory load on the system
#   Increase physical memory or swap space
#   Check if swap backing store is full
#   Decrease Java heap size (-Xmx/-Xms)
#   Decrease number of Java threads
#   Decrease Java thread stack sizes (-Xss)
#   Set larger code cache with -XX:ReservedCodeCacheSize=
#   JVM is running with Unscaled Compressed Oops mode in which the Java heap is
#     placed in the first 4GB address space. The Java Heap base address is the
#     maximum limit for the native heap growth. Please use -XX:HeapBaseMinAddress
#     to set the Java Heap base and to place the Java Heap above 4GB virtual address.
# This output file may be truncated or incomplete.
#
#  Out of Memory Error (allocation.cpp:44), pid=21440, tid=21240
#
# JRE version: OpenJDK Runtime Environment Temurin-21.0.10+7 (21.0.10+7) (build 21.0.10+7-LTS)
# Java VM: OpenJDK 64-Bit Server VM Temurin-21.0.10+7 (21.0.10+7-LTS, mixed mode, sharing, tiered, compressed oops, compressed class ptrs, parallel gc, windows-amd64)
# No core dump will be written. Minidumps are not enabled by default on client versions of Windows
#

---------------  S U M M A R Y ------------

Command Line: --add-modules=ALL-SYSTEM --add-opens=java.base/java.util=ALL-UNNAMED --add-opens=java.base/java.lang=ALL-UNNAMED --add-opens=java.base/sun.nio.fs=ALL-UNNAMED -Declipse.application=org.eclipse.jdt.ls.core.id1 -Dosgi.bundles.defaultStartLevel=4 -Declipse.product=org.eclipse.jdt.ls.core.product -Djava.import.generatesMetadataFilesAtProjectRoot=false -DDetectVMInstallationsJob.disabled=true -Dfile.encoding=utf8 -XX:+UseParallelGC -XX:GCTimeRatio=4 -XX:AdaptiveSizePolicyWeight=90 -Dsun.zip.disableMemoryMapping=true -Xmx2G -Xms100m -Xlog:disable -javaagent:c:\Users\VENNELA SREE\.vscode\extensions\redhat.java-1.54.0-win32-x64\lombok\lombok-1.18.39-4050.jar -XX:+HeapDumpOnOutOfMemoryError -XX:HeapDumpPath=c:\Users\VENNELA SREE\AppData\Roaming\Code\User\workspaceStorage\32236401eeac42081cef0cbb199c0051\redhat.java -Daether.dependencyCollector.impl=bf c:\Users\VENNELA SREE\.vscode\extensions\redhat.java-1.54.0-win32-x64\server\plugins\org.eclipse.equinox.launcher_1.7.100.v20251111-0406.jar -configuration c:\Users\VENNELA SREE\AppData\Roaming\Code\User\globalStorage\redhat.java\1.54.0\config_win -data c:\Users\VENNELA SREE\AppData\Roaming\Code\User\workspaceStorage\32236401eeac42081cef0cbb199c0051\redhat.java\jdt_ws --pipe=\\.\pipe\lsp-49cba0eb2ab767b86ab21297cd97f95b-sock

Host: 13th Gen Intel(R) Core(TM) i5-13420H, 12 cores, 15G,  Windows 11 , 64 bit Build 26100 (10.0.26100.8328)
Time: Sat May  2 21:22:27 2026 India Standard Time elapsed time: 11626.033801 seconds (0d 3h 13m 46s)

---------------  T H R E A D  ---------------

Current thread (0x0000022e4c6a1400):  JavaThread "Attach Listener" daemon [_thread_in_vm, id=21240, stack(0x0000009b14800000,0x0000009b14900000) (1024K)]

Stack: [0x0000009b14800000,0x0000009b14900000]
Native frames: (J=compiled Java code, j=interpreted, Vv=VM code, C=native code)
V  [jvm.dll+0x6d7a39]
V  [jvm.dll+0x8b4b26]
V  [jvm.dll+0x8b70de]
V  [jvm.dll+0x8b77c3]
V  [jvm.dll+0x284346]
V  [jvm.dll+0xc1277]
V  [jvm.dll+0x6d82e9]
V  [jvm.dll+0x1334a6]
V  [jvm.dll+0x3f857e]
V  [jvm.dll+0x85f59d]
V  [jvm.dll+0x6d626d]
C  [ucrtbase.dll+0x37b0]
C  [KERNEL32.DLL+0x2e957]
C  [ntdll.dll+0x427c]


---------------  P R O C E S S  ---------------

Threads class SMR info:
_java_thread_list=0x0000022e6d6f4e60, length=38, elements={
0x0000022e4a25b970, 0x0000022e4c69af60, 0x0000022e4c69e210, 0x0000022e4c6a09a0,
0x0000022e4c6a1400, 0x0000022e4c6a5370, 0x0000022e4c6a1e60, 0x0000022e4c6a2bf0,
0x0000022e644281e0, 0x0000022e64648710, 0x0000022e6475f930, 0x0000022e6a00f700,
0x0000022e6a2c9f30, 0x0000022e65787520, 0x0000022e65a51a90, 0x0000022e6a4f03e0,
0x0000022e6a4ef020, 0x0000022e6ad065c0, 0x0000022e6a69a0b0, 0x0000022e6a69add0,
0x0000022e6a697fe0, 0x0000022e6a698670, 0x0000022e6a698d00, 0x0000022e6a699390,
0x0000022e6a699a20, 0x0000022e6abf07f0, 0x0000022e6abeedb0, 0x0000022e6abf0e80,
0x0000022e6abee720, 0x0000022e6abef440, 0x0000022e6abf1510, 0x0000022e6abefad0,
0x0000022e6abf0160, 0x0000022e6abee090, 0x0000022e6c8de690, 0x0000022e6c8e0760,
0x0000022e6c8e00d0, 0x0000022e6c8dd2e0
}

Java Threads: ( => current thread )
  0x0000022e4a25b970 JavaThread "main"                              [_thread_blocked, id=20660, stack(0x0000009b14100000,0x0000009b14200000) (1024K)]
  0x0000022e4c69af60 JavaThread "Reference Handler"          daemon [_thread_blocked, id=20168, stack(0x0000009b14500000,0x0000009b14600000) (1024K)]
  0x0000022e4c69e210 JavaThread "Finalizer"                  daemon [_thread_blocked, id=21480, stack(0x0000009b14600000,0x0000009b14700000) (1024K)]
  0x0000022e4c6a09a0 JavaThread "Signal Dispatcher"          daemon [_thread_blocked, id=21376, stack(0x0000009b14700000,0x0000009b14800000) (1024K)]
=>0x0000022e4c6a1400 JavaThread "Attach Listener"            daemon [_thread_in_vm, id=21240, stack(0x0000009b14800000,0x0000009b14900000) (1024K)]
  0x0000022e4c6a5370 JavaThread "Service Thread"             daemon [_thread_blocked, id=20572, stack(0x0000009b14900000,0x0000009b14a00000) (1024K)]
  0x0000022e4c6a1e60 JavaThread "Monitor Deflation Thread"   daemon [_thread_blocked, id=14528, stack(0x0000009b14a00000,0x0000009b14b00000) (1024K)]
  0x0000022e4c6a2bf0 JavaThread "C2 CompilerThread0"         daemon [_thread_blocked, id=3444, stack(0x0000009b14b00000,0x0000009b14c00000) (1024K)]
  0x0000022e644281e0 JavaThread "C1 CompilerThread0"         daemon [_thread_blocked, id=21428, stack(0x0000009b14c00000,0x0000009b14d00000) (1024K)]
  0x0000022e64648710 JavaThread "Common-Cleaner"             daemon [_thread_blocked, id=19892, stack(0x0000009b14d00000,0x0000009b14e00000) (1024K)]
  0x0000022e6475f930 JavaThread "Notification Thread"        daemon [_thread_blocked, id=20708, stack(0x0000009b14f00000,0x0000009b15000000) (1024K)]
  0x0000022e6a00f700 JavaThread "Active Thread: Equinox Container: f6bf1f8d-5570-4812-b71b-158c63cae5ae"        [_thread_blocked, id=19828, stack(0x0000009b15700000,0x0000009b15800000) (1024K)]
  0x0000022e6a2c9f30 JavaThread "Refresh Thread: Equinox Container: f6bf1f8d-5570-4812-b71b-158c63cae5ae" daemon [_thread_blocked, id=19484, stack(0x0000009b15900000,0x0000009b15a00000) (1024K)]
  0x0000022e65787520 JavaThread "Framework Event Dispatcher: Equinox Container: f6bf1f8d-5570-4812-b71b-158c63cae5ae" daemon [_thread_blocked, id=21252, stack(0x0000009b15a00000,0x0000009b15b00000) (1024K)]
  0x0000022e65a51a90 JavaThread "Start Level: Equinox Container: f6bf1f8d-5570-4812-b71b-158c63cae5ae" daemon [_thread_blocked, id=20500, stack(0x0000009b15b00000,0x0000009b15c00000) (1024K)]
  0x0000022e6a4f03e0 JavaThread "Bundle File Closer"         daemon [_thread_blocked, id=21332, stack(0x0000009b15e00000,0x0000009b15f00000) (1024K)]
  0x0000022e6a4ef020 JavaThread "SCR Component Actor"        daemon [_thread_blocked, id=21404, stack(0x0000009b14e00000,0x0000009b14f00000) (1024K)]
  0x0000022e6ad065c0 JavaThread "Worker-JM"                         [_thread_blocked, id=21228, stack(0x0000009b16000000,0x0000009b16100000) (1024K)]
  0x0000022e6a69a0b0 JavaThread "JNA Cleaner"                daemon [_thread_blocked, id=20616, stack(0x0000009b16100000,0x0000009b16200000) (1024K)]
  0x0000022e6a69add0 JavaThread "Worker-1"                          [_thread_blocked, id=20544, stack(0x0000009b16300000,0x0000009b16400000) (1024K)]
  0x0000022e6a697fe0 JavaThread "Java indexing"              daemon [_thread_blocked, id=20780, stack(0x0000009b16400000,0x0000009b16500000) (1024K)]
  0x0000022e6a698670 JavaThread "Worker-3"                          [_thread_blocked, id=21448, stack(0x0000009b16800000,0x0000009b16900000) (1024K)]
  0x0000022e6a698d00 JavaThread "Thread-1"                   daemon [_thread_in_native, id=20240, stack(0x0000009b16900000,0x0000009b16a00000) (1024K)]
  0x0000022e6a699390 JavaThread "Thread-2"                   daemon [_thread_in_native, id=21388, stack(0x0000009b16a00000,0x0000009b16b00000) (1024K)]
  0x0000022e6a699a20 JavaThread "Thread-3"                   daemon [_thread_in_native, id=17480, stack(0x0000009b16b00000,0x0000009b16c00000) (1024K)]
  0x0000022e6abf07f0 JavaThread "Thread-4"                   daemon [_thread_in_native, id=21500, stack(0x0000009b16c00000,0x0000009b16d00000) (1024K)]
  0x0000022e6abeedb0 JavaThread "Thread-5"                   daemon [_thread_in_native, id=20540, stack(0x0000009b16d00000,0x0000009b16e00000) (1024K)]
  0x0000022e6abf0e80 JavaThread "Thread-6"                   daemon [_thread_in_native, id=21140, stack(0x0000009b16e00000,0x0000009b16f00000) (1024K)]
  0x0000022e6abee720 JavaThread "Thread-7"                   daemon [_thread_in_native, id=20248, stack(0x0000009b16f00000,0x0000009b17000000) (1024K)]
  0x0000022e6abef440 JavaThread "Thread-8"                   daemon [_thread_in_native, id=20252, stack(0x0000009b17000000,0x0000009b17100000) (1024K)]
  0x0000022e6abf1510 JavaThread "Thread-9"                   daemon [_thread_in_native, id=11984, stack(0x0000009b17100000,0x0000009b17200000) (1024K)]
  0x0000022e6abefad0 JavaThread "Thread-10"                  daemon [_thread_in_native, id=20504, stack(0x0000009b17200000,0x0000009b17300000) (1024K)]
  0x0000022e6abf0160 JavaThread "Thread-11"                  daemon [_thread_in_native, id=21356, stack(0x0000009b17300000,0x0000009b17400000) (1024K)]
  0x0000022e6abee090 JavaThread "Thread-12"                  daemon [_thread_in_native, id=21352, stack(0x0000009b17400000,0x0000009b17500000) (1024K)]
  0x0000022e6c8de690 JavaThread "Thread-13"                  daemon [_thread_in_native, id=20668, stack(0x0000009b17500000,0x0000009b17600000) (1024K)]
  0x0000022e6c8e0760 JavaThread "pool-2-thread-1"                   [_thread_blocked, id=20564, stack(0x0000009b17600000,0x0000009b17700000) (1024K)]
  0x0000022e6c8e00d0 JavaThread "WorkspaceEventsHandler"            [_thread_blocked, id=20308, stack(0x0000009b17700000,0x0000009b17800000) (1024K)]
  0x0000022e6c8dd2e0 JavaThread "pool-1-thread-1"                   [_thread_blocked, id=21336, stack(0x0000009b17800000,0x0000009b17900000) (1024K)]
Total: 38

Other Threads:
  0x0000022e4c694780 VMThread "VM Thread"                           [id=21420, stack(0x0000009b14400000,0x0000009b14500000) (1024K)]
  0x0000022e4c58ca00 WatcherThread "VM Periodic Task Thread"        [id=21368, stack(0x0000009b14300000,0x0000009b14400000) (1024K)]
  0x0000022e4c72a300 WorkerThread "GC Thread#0"                     [id=19548, stack(0x0000009b14200000,0x0000009b14300000) (1024K)]
  0x0000022e65aeb000 WorkerThread "GC Thread#1"                     [id=19840, stack(0x0000009b15100000,0x0000009b15200000) (1024K)]
  0x0000022e659f6360 WorkerThread "GC Thread#2"                     [id=20536, stack(0x0000009b15200000,0x0000009b15300000) (1024K)]
  0x0000022e659f6710 WorkerThread "GC Thread#3"                     [id=21492, stack(0x0000009b15300000,0x0000009b15400000) (1024K)]
  0x0000022e65476e00 WorkerThread "GC Thread#4"                     [id=21360, stack(0x0000009b15400000,0x0000009b15500000) (1024K)]
  0x0000022e654779c0 WorkerThread "GC Thread#5"                     [id=20756, stack(0x0000009b15500000,0x0000009b15600000) (1024K)]
  0x0000022e65b54490 WorkerThread "GC Thread#6"                     [id=21204, stack(0x0000009b15600000,0x0000009b15700000) (1024K)]
  0x0000022e6a126160 WorkerThread "GC Thread#7"                     [id=20284, stack(0x0000009b15800000,0x0000009b15900000) (1024K)]
  0x0000022e6a322cd0 WorkerThread "GC Thread#8"                     [id=20760, stack(0x0000009b15c00000,0x0000009b15d00000) (1024K)]
  0x0000022e6a42ddb0 WorkerThread "GC Thread#9"                     [id=21456, stack(0x0000009b15d00000,0x0000009b15e00000) (1024K)]
Total: 12

Threads with active compile tasks:
Total: 0

VM state: not at safepoint (normal execution)

VM Mutex/Monitor currently owned by a thread: None

Heap address: 0x0000000080000000, size: 2048 MB, Compressed Oops mode: 32-bit

CDS archive(s) mapped at: [0x0000022e00000000-0x0000022e00ba0000-0x0000022e00ba0000), size 12189696, SharedBaseAddress: 0x0000022e00000000, ArchiveRelocationMode: 1.
Compressed class space mapped at: 0x0000022e01000000-0x0000022e41000000, reserved size: 1073741824
Narrow klass base: 0x0000022e00000000, Narrow klass shift: 0, Narrow klass range: 0x100000000

GC Precious Log:
 CardTable entry size: 512
 CPUs: 12 total, 12 available
 Memory: 16024M
 Large Page Support: Disabled
 NUMA Support: Disabled
 Compressed Oops: Enabled (32-bit)
 Alignments: Space 512K, Generation 512K, Heap 2M
 Heap Min Capacity: 100M
 Heap Initial Capacity: 100M
 Heap Max Capacity: 2G
 Pre-touch: Disabled
 Parallel Workers: 10

Heap:
 PSYoungGen      total 11776K, used 10071K [0x00000000d5580000, 0x00000000d6280000, 0x0000000100000000)
  eden space 10752K, 87% used [0x00000000d5580000,0x00000000d5eb74f8,0x00000000d6000000)
  from space 1024K, 61% used [0x00000000d6180000,0x00000000d621e8c8,0x00000000d6280000)
  to   space 1024K, 0% used [0x00000000d6080000,0x00000000d6080000,0x00000000d6180000)
 ParOldGen       total 81408K, used 71027K [0x0000000080000000, 0x0000000084f80000, 0x00000000d5580000)
  object space 81408K, 87% used [0x0000000080000000,0x000000008455cf30,0x0000000084f80000)
 Metaspace       used 64516K, committed 65984K, reserved 1114112K
  class space    used 6935K, committed 7552K, reserved 1048576K

Card table byte_map: [0x0000022e4c0a0000,0x0000022e4c4b0000] _byte_map_base: 0x0000022e4bca0000

Marking Bits: (ParMarkBitMap*) 0x00007ff9d19a3450
 Begin Bits: [0x0000022e5ebb0000, 0x0000022e60bb0000)
 End Bits:   [0x0000022e60bb0000, 0x0000022e62bb0000)

Polling page: 0x0000022e4a510000

Metaspace:

Usage:
  Non-class:     56.23 MB used.
      Class:      6.77 MB used.
       Both:     63.00 MB used.

Virtual space:
  Non-class space:       64.00 MB reserved,      57.06 MB ( 89%) committed,  1 nodes.
      Class space:        1.00 GB reserved,       7.38 MB ( <1%) committed,  1 nodes.
             Both:        1.06 GB reserved,      64.44 MB (  6%) committed. 

Chunk freelists:
   Non-Class:  6.47 MB
       Class:  8.56 MB
        Both:  15.03 MB

MaxMetaspaceSize: unlimited
CompressedClassSpaceSize: 1.00 GB
Initial GC threshold: 21.00 MB
Current GC threshold: 97.31 MB
CDS: on
 - commit_granule_bytes: 65536.
 - commit_granule_words: 8192.
 - virtual_space_node_default_size: 8388608.
 - enlarge_chunks_in_place: 1.
 - use_allocation_guard: 0.


Internal statistics:

num_allocs_failed_limit: 11.
num_arena_births: 1244.
num_arena_deaths: 26.
num_vsnodes_births: 2.
num_vsnodes_deaths: 0.
num_space_committed: 1031.
num_space_uncommitted: 0.
num_chunks_returned_to_freelist: 42.
num_chunks_taken_from_freelist: 4269.
num_chunk_merges: 20.
num_chunk_splits: 2650.
num_chunks_enlarged: 1518.
num_inconsistent_stats: 0.

CodeHeap 'non-profiled nmethods': size=120000Kb used=7085Kb max_used=7085Kb free=112914Kb
 bounds [0x0000022e573d0000, 0x0000022e57ac0000, 0x0000022e5e900000]
CodeHeap 'profiled nmethods': size=120000Kb used=22098Kb max_used=22098Kb free=97901Kb
 bounds [0x0000022e4f900000, 0x0000022e50ea0000, 0x0000022e56e30000]
CodeHeap 'non-nmethods': size=5760Kb used=1429Kb max_used=1479Kb free=4330Kb
 bounds [0x0000022e56e30000, 0x0000022e570a0000, 0x0000022e573d0000]
CodeCache: size=245760Kb, used=30612Kb, max_used=30662Kb, free=215145Kb
 total_blobs=11187, nmethods=10448, adapters=644, full_count=0
Compilation: enabled, stopped_count=0, restarted_count=0

Compilation events (20 events):
Event: 10817.294 Thread 0x0000022e644281e0 11243   !   3       java.util.concurrent.FutureTask::runAndReset (125 bytes)
Event: 10817.297 Thread 0x0000022e644281e0 nmethod 11243 0x0000022e50e8e390 code [0x0000022e50e8e800, 0x0000022e50e90c20]
Event: 10817.297 Thread 0x0000022e644281e0 11244       3       java.util.concurrent.ScheduledThreadPoolExecutor$ScheduledFutureTask::setNextRunTime (38 bytes)
Event: 10817.298 Thread 0x0000022e644281e0 nmethod 11244 0x0000022e50e91790 code [0x0000022e50e91940, 0x0000022e50e91bd0]
Event: 10817.298 Thread 0x0000022e644281e0 11245       3       java.util.concurrent.ScheduledThreadPoolExecutor::reExecutePeriodic (49 bytes)
Event: 10817.298 Thread 0x0000022e644281e0 nmethod 11245 0x0000022e50e91c90 code [0x0000022e50e91ec0, 0x0000022e50e92640]
Event: 10891.842 Thread 0x0000022e644281e0 11246       1       org.eclipse.osgi.internal.framework.EquinoxContainer::getStorage (5 bytes)
Event: 10891.842 Thread 0x0000022e644281e0 nmethod 11246 0x0000022e57abac10 code [0x0000022e57abada0, 0x0000022e57abae68]
Event: 11297.733 Thread 0x0000022e644281e0 11247       3       org.eclipse.jdt.ls.core.internal.ParentProcessWatcher::run (83 bytes)
Event: 11297.736 Thread 0x0000022e644281e0 nmethod 11247 0x0000022e50e92890 code [0x0000022e50e92b20, 0x0000022e50e935b0]
Event: 11297.736 Thread 0x0000022e644281e0 11248       3       org.eclipse.jdt.ls.core.internal.ParentProcessWatcher::parentProcessStillRunning (62 bytes)
Event: 11297.737 Thread 0x0000022e644281e0 nmethod 11248 0x0000022e50e93910 code [0x0000022e50e93b40, 0x0000022e50e94248]
Event: 11387.818 Thread 0x0000022e644281e0 11249       3       java.lang.ProcessHandleImpl::<init> (15 bytes)
Event: 11387.818 Thread 0x0000022e644281e0 nmethod 11249 0x0000022e50e94490 code [0x0000022e50e94640, 0x0000022e50e947b0]
Event: 11437.789 Thread 0x0000022e644281e0 11250       1       org.eclipse.core.internal.jobs.InternalJob::setNext (6 bytes)
Event: 11437.789 Thread 0x0000022e644281e0 nmethod 11250 0x0000022e57abaf10 code [0x0000022e57abb0a0, 0x0000022e57abb180]
Event: 11437.790 Thread 0x0000022e644281e0 11251       3       org.eclipse.core.internal.utils.StringPool::add (50 bytes)
Event: 11437.791 Thread 0x0000022e644281e0 nmethod 11251 0x0000022e50e94890 code [0x0000022e50e94a80, 0x0000022e50e94f50]
Event: 11437.791 Thread 0x0000022e644281e0 11252       1       org.eclipse.core.internal.jobs.InternalJob::setPrevious (6 bytes)
Event: 11437.791 Thread 0x0000022e644281e0 nmethod 11252 0x0000022e57abb210 code [0x0000022e57abb3a0, 0x0000022e57abb480]

GC Heap History (20 events):
Event: 9.215 GC heap before
{Heap before GC invocations=72 (full 3):
 PSYoungGen      total 11264K, used 10752K [0x00000000d5580000, 0x00000000d6500000, 0x0000000100000000)
  eden space 10752K, 100% used [0x00000000d5580000,0x00000000d6000000,0x00000000d6000000)
  from space 512K, 0% used [0x00000000d6480000,0x00000000d6480000,0x00000000d6500000)
  to   space 1536K, 0% used [0x00000000d6200000,0x00000000d6200000,0x00000000d6380000)
 ParOldGen       total 81408K, used 65730K [0x0000000080000000, 0x0000000084f80000, 0x00000000d5580000)
  object space 81408K, 80% used [0x0000000080000000,0x0000000084030a20,0x0000000084f80000)
 Metaspace       used 59032K, committed 60480K, reserved 1114112K
  class space    used 6365K, committed 6976K, reserved 1048576K
}
Event: 9.216 GC heap after
{Heap after GC invocations=72 (full 3):
 PSYoungGen      total 12288K, used 1514K [0x00000000d5580000, 0x00000000d6500000, 0x0000000100000000)
  eden space 10752K, 0% used [0x00000000d5580000,0x00000000d5580000,0x00000000d6000000)
  from space 1536K, 98% used [0x00000000d6200000,0x00000000d637a8a0,0x00000000d6380000)
  to   space 1536K, 0% used [0x00000000d6380000,0x00000000d6380000,0x00000000d6500000)
 ParOldGen       total 81408K, used 65738K [0x0000000080000000, 0x0000000084f80000, 0x00000000d5580000)
  object space 81408K, 80% used [0x0000000080000000,0x0000000084032a20,0x0000000084f80000)
 Metaspace       used 59032K, committed 60480K, reserved 1114112K
  class space    used 6365K, committed 6976K, reserved 1048576K
}
Event: 9.230 GC heap before
{Heap before GC invocations=73 (full 3):
 PSYoungGen      total 12288K, used 12266K [0x00000000d5580000, 0x00000000d6500000, 0x0000000100000000)
  eden space 10752K, 100% used [0x00000000d5580000,0x00000000d6000000,0x00000000d6000000)
  from space 1536K, 98% used [0x00000000d6200000,0x00000000d637a8a0,0x00000000d6380000)
  to   space 1536K, 0% used [0x00000000d6380000,0x00000000d6380000,0x00000000d6500000)
 ParOldGen       total 81408K, used 65738K [0x0000000080000000, 0x0000000084f80000, 0x00000000d5580000)
  object space 81408K, 80% used [0x0000000080000000,0x0000000084032a20,0x0000000084f80000)
 Metaspace       used 59046K, committed 60544K, reserved 1114112K
  class space    used 6365K, committed 6976K, reserved 1048576K
}
Event: 9.231 GC heap after
{Heap after GC invocations=73 (full 3):
 PSYoungGen      total 12288K, used 1221K [0x00000000d5580000, 0x00000000d6500000, 0x0000000100000000)
  eden space 10752K, 0% used [0x00000000d5580000,0x00000000d5580000,0x00000000d6000000)
  from space 1536K, 79% used [0x00000000d6380000,0x00000000d64b1420,0x00000000d6500000)
  to   space 1536K, 0% used [0x00000000d6200000,0x00000000d6200000,0x00000000d6380000)
 ParOldGen       total 81408K, used 66655K [0x0000000080000000, 0x0000000084f80000, 0x00000000d5580000)
  object space 81408K, 81% used [0x0000000080000000,0x0000000084117c28,0x0000000084f80000)
 Metaspace       used 59046K, committed 60544K, reserved 1114112K
  class space    used 6365K, committed 6976K, reserved 1048576K
}
Event: 9.244 GC heap before
{Heap before GC invocations=74 (full 3):
 PSYoungGen      total 12288K, used 11960K [0x00000000d5580000, 0x00000000d6500000, 0x0000000100000000)
  eden space 10752K, 99% used [0x00000000d5580000,0x00000000d5ffce98,0x00000000d6000000)
  from space 1536K, 79% used [0x00000000d6380000,0x00000000d64b1420,0x00000000d6500000)
  to   space 1536K, 0% used [0x00000000d6200000,0x00000000d6200000,0x00000000d6380000)
 ParOldGen       total 81408K, used 66655K [0x0000000080000000, 0x0000000084f80000, 0x00000000d5580000)
  object space 81408K, 81% used [0x0000000080000000,0x0000000084117c28,0x0000000084f80000)
 Metaspace       used 59050K, committed 60544K, reserved 1114112K
  class space    used 6365K, committed 6976K, reserved 1048576K
}
Event: 9.245 GC heap after
{Heap after GC invocations=74 (full 3):
 PSYoungGen      total 11264K, used 451K [0x00000000d5580000, 0x00000000d6400000, 0x0000000100000000)
  eden space 10752K, 0% used [0x00000000d5580000,0x00000000d5580000,0x00000000d6000000)
  from space 512K, 88% used [0x00000000d6200000,0x00000000d6270d00,0x00000000d6280000)
  to   space 1024K, 0% used [0x00000000d6300000,0x00000000d6300000,0x00000000d6400000)
 ParOldGen       total 81408K, used 66671K [0x0000000080000000, 0x0000000084f80000, 0x00000000d5580000)
  object space 81408K, 81% used [0x0000000080000000,0x000000008411bc28,0x0000000084f80000)
 Metaspace       used 59050K, committed 60544K, reserved 1114112K
  class space    used 6365K, committed 6976K, reserved 1048576K
}
Event: 9.272 GC heap before
{Heap before GC invocations=75 (full 3):
 PSYoungGen      total 11264K, used 11203K [0x00000000d5580000, 0x00000000d6400000, 0x0000000100000000)
  eden space 10752K, 100% used [0x00000000d5580000,0x00000000d6000000,0x00000000d6000000)
  from space 512K, 88% used [0x00000000d6200000,0x00000000d6270d00,0x00000000d6280000)
  to   space 1024K, 0% used [0x00000000d6300000,0x00000000d6300000,0x00000000d6400000)
 ParOldGen       total 81408K, used 66671K [0x0000000080000000, 0x0000000084f80000, 0x00000000d5580000)
  object space 81408K, 81% used [0x0000000080000000,0x000000008411bc28,0x0000000084f80000)
 Metaspace       used 59540K, committed 60992K, reserved 1114112K
  class space    used 6401K, committed 6976K, reserved 1048576K
}
Event: 9.274 GC heap after
{Heap after GC invocations=75 (full 3):
 PSYoungGen      total 11776K, used 544K [0x00000000d5580000, 0x00000000d6400000, 0x0000000100000000)
  eden space 10752K, 0% used [0x00000000d5580000,0x00000000d5580000,0x00000000d6000000)
  from space 1024K, 53% used [0x00000000d6300000,0x00000000d6388000,0x00000000d6400000)
  to   space 1024K, 0% used [0x00000000d6200000,0x00000000d6200000,0x00000000d6300000)
 ParOldGen       total 81408K, used 66679K [0x0000000080000000, 0x0000000084f80000, 0x00000000d5580000)
  object space 81408K, 81% used [0x0000000080000000,0x000000008411dc28,0x0000000084f80000)
 Metaspace       used 59540K, committed 60992K, reserved 1114112K
  class space    used 6401K, committed 6976K, reserved 1048576K
}
Event: 9.335 GC heap before
{Heap before GC invocations=76 (full 3):
 PSYoungGen      total 11776K, used 11296K [0x00000000d5580000, 0x00000000d6400000, 0x0000000100000000)
  eden space 10752K, 100% used [0x00000000d5580000,0x00000000d6000000,0x00000000d6000000)
  from space 1024K, 53% used [0x00000000d6300000,0x00000000d6388000,0x00000000d6400000)
  to   space 1024K, 0% used [0x00000000d6200000,0x00000000d6200000,0x00000000d6300000)
 ParOldGen       total 81408K, used 66679K [0x0000000080000000, 0x0000000084f80000, 0x00000000d5580000)
  object space 81408K, 81% used [0x0000000080000000,0x000000008411dc28,0x0000000084f80000)
 Metaspace       used 60741K, committed 62144K, reserved 1114112K
  class space    used 6520K, committed 7104K, reserved 1048576K
}
Event: 9.337 GC heap after
{Heap after GC invocations=76 (full 3):
 PSYoungGen      total 11776K, used 672K [0x00000000d5580000, 0x00000000d6380000, 0x0000000100000000)
  eden space 10752K, 0% used [0x00000000d5580000,0x00000000d5580000,0x00000000d6000000)
  from space 1024K, 65% used [0x00000000d6200000,0x00000000d62a8000,0x00000000d6300000)
  to   space 512K, 0% used [0x00000000d6300000,0x00000000d6300000,0x00000000d6380000)
 ParOldGen       total 81408K, used 67049K [0x0000000080000000, 0x0000000084f80000, 0x00000000d5580000)
  object space 81408K, 82% used [0x0000000080000000,0x000000008417a5b8,0x0000000084f80000)
 Metaspace       used 60741K, committed 62144K, reserved 1114112K
  class space    used 6520K, committed 7104K, reserved 1048576K
}
Event: 9.448 GC heap before
{Heap before GC invocations=77 (full 3):
 PSYoungGen      total 11776K, used 11424K [0x00000000d5580000, 0x00000000d6380000, 0x0000000100000000)
  eden space 10752K, 100% used [0x00000000d5580000,0x00000000d6000000,0x00000000d6000000)
  from space 1024K, 65% used [0x00000000d6200000,0x00000000d62a8000,0x00000000d6300000)
  to   space 512K, 0% used [0x00000000d6300000,0x00000000d6300000,0x00000000d6380000)
 ParOldGen       total 81408K, used 67049K [0x0000000080000000, 0x0000000084f80000, 0x00000000d5580000)
  object space 81408K, 82% used [0x0000000080000000,0x000000008417a5b8,0x0000000084f80000)
 Metaspace       used 61297K, committed 62720K, reserved 1114112K
  class space    used 6590K, committed 7232K, reserved 1048576K
}
Event: 9.449 GC heap after
{Heap after GC invocations=77 (full 3):
 PSYoungGen      total 11264K, used 480K [0x00000000d5580000, 0x00000000d6400000, 0x0000000100000000)
  eden space 10752K, 0% used [0x00000000d5580000,0x00000000d5580000,0x00000000d6000000)
  from space 512K, 93% used [0x00000000d6300000,0x00000000d6378020,0x00000000d6380000)
  to   space 2048K, 0% used [0x00000000d6000000,0x00000000d6000000,0x00000000d6200000)
 ParOldGen       total 81408K, used 68005K [0x0000000080000000, 0x0000000084f80000, 0x00000000d5580000)
  object space 81408K, 83% used [0x0000000080000000,0x0000000084269718,0x0000000084f80000)
 Metaspace       used 61297K, committed 62720K, reserved 1114112K
  class space    used 6590K, committed 7232K, reserved 1048576K
}
Event: 9.604 GC heap before
{Heap before GC invocations=78 (full 3):
 PSYoungGen      total 11264K, used 11232K [0x00000000d5580000, 0x00000000d6400000, 0x0000000100000000)
  eden space 10752K, 100% used [0x00000000d5580000,0x00000000d6000000,0x00000000d6000000)
  from space 512K, 93% used [0x00000000d6300000,0x00000000d6378020,0x00000000d6380000)
  to   space 2048K, 0% used [0x00000000d6000000,0x00000000d6000000,0x00000000d6200000)
 ParOldGen       total 81408K, used 68005K [0x0000000080000000, 0x0000000084f80000, 0x00000000d5580000)
  object space 81408K, 83% used [0x0000000080000000,0x0000000084269718,0x0000000084f80000)
 Metaspace       used 62276K, committed 63744K, reserved 1114112K
  class space    used 6711K, committed 7360K, reserved 1048576K
}
Event: 9.605 GC heap after
{Heap after GC invocations=78 (full 3):
 PSYoungGen      total 12800K, used 1184K [0x00000000d5580000, 0x00000000d6380000, 0x0000000100000000)
  eden space 10752K, 0% used [0x00000000d5580000,0x00000000d5580000,0x00000000d6000000)
  from space 2048K, 57% used [0x00000000d6000000,0x00000000d6128000,0x00000000d6200000)
  to   space 1536K, 0% used [0x00000000d6200000,0x00000000d6200000,0x00000000d6380000)
 ParOldGen       total 81408K, used 68516K [0x0000000080000000, 0x0000000084f80000, 0x00000000d5580000)
  object space 81408K, 84% used [0x0000000080000000,0x00000000842e91e0,0x0000000084f80000)
 Metaspace       used 62276K, committed 63744K, reserved 1114112K
  class space    used 6711K, committed 7360K, reserved 1048576K
}
Event: 9.710 GC heap before
{Heap before GC invocations=79 (full 3):
 PSYoungGen      total 12800K, used 11936K [0x00000000d5580000, 0x00000000d6380000, 0x0000000100000000)
  eden space 10752K, 100% used [0x00000000d5580000,0x00000000d6000000,0x00000000d6000000)
  from space 2048K, 57% used [0x00000000d6000000,0x00000000d6128000,0x00000000d6200000)
  to   space 1536K, 0% used [0x00000000d6200000,0x00000000d6200000,0x00000000d6380000)
 ParOldGen       total 81408K, used 68516K [0x0000000080000000, 0x0000000084f80000, 0x00000000d5580000)
  object space 81408K, 84% used [0x0000000080000000,0x00000000842e91e0,0x0000000084f80000)
 Metaspace       used 62795K, committed 64256K, reserved 1114112K
  class space    used 6764K, committed 7360K, reserved 1048576K
}
Event: 9.711 GC heap after
{Heap after GC invocations=79 (full 3):
 PSYoungGen      total 12288K, used 1312K [0x00000000d5580000, 0x00000000d6380000, 0x0000000100000000)
  eden space 10752K, 0% used [0x00000000d5580000,0x00000000d5580000,0x00000000d6000000)
  from space 1536K, 85% used [0x00000000d6200000,0x00000000d6348000,0x00000000d6380000)
  to   space 1536K, 0% used [0x00000000d6080000,0x00000000d6080000,0x00000000d6200000)
 ParOldGen       total 81408K, used 69523K [0x0000000080000000, 0x0000000084f80000, 0x00000000d5580000)
  object space 81408K, 85% used [0x0000000080000000,0x00000000843e4db0,0x0000000084f80000)
 Metaspace       used 62795K, committed 64256K, reserved 1114112K
  class space    used 6764K, committed 7360K, reserved 1048576K
}
Event: 9.755 GC heap before
{Heap before GC invocations=80 (full 3):
 PSYoungGen      total 12288K, used 12064K [0x00000000d5580000, 0x00000000d6380000, 0x0000000100000000)
  eden space 10752K, 100% used [0x00000000d5580000,0x00000000d6000000,0x00000000d6000000)
  from space 1536K, 85% used [0x00000000d6200000,0x00000000d6348000,0x00000000d6380000)
  to   space 1536K, 0% used [0x00000000d6080000,0x00000000d6080000,0x00000000d6200000)
 ParOldGen       total 81408K, used 69523K [0x0000000080000000, 0x0000000084f80000, 0x00000000d5580000)
  object space 81408K, 85% used [0x0000000080000000,0x00000000843e4db0,0x0000000084f80000)
 Metaspace       used 63040K, committed 64512K, reserved 1114112K
  class space    used 6796K, committed 7424K, reserved 1048576K
}
Event: 9.756 GC heap after
{Heap after GC invocations=80 (full 3):
 PSYoungGen      total 11776K, used 800K [0x00000000d5580000, 0x00000000d6280000, 0x0000000100000000)
  eden space 10752K, 0% used [0x00000000d5580000,0x00000000d5580000,0x00000000d6000000)
  from space 1024K, 78% used [0x00000000d6080000,0x00000000d6148000,0x00000000d6180000)
  to   space 1024K, 0% used [0x00000000d6180000,0x00000000d6180000,0x00000000d6280000)
 ParOldGen       total 81408K, used 70451K [0x0000000080000000, 0x0000000084f80000, 0x00000000d5580000)
  object space 81408K, 86% used [0x0000000080000000,0x00000000844ccf30,0x0000000084f80000)
 Metaspace       used 63040K, committed 64512K, reserved 1114112K
  class space    used 6796K, committed 7424K, reserved 1048576K
}
Event: 30.973 GC heap before
{Heap before GC invocations=81 (full 3):
 PSYoungGen      total 11776K, used 11552K [0x00000000d5580000, 0x00000000d6280000, 0x0000000100000000)
  eden space 10752K, 100% used [0x00000000d5580000,0x00000000d6000000,0x00000000d6000000)
  from space 1024K, 78% used [0x00000000d6080000,0x00000000d6148000,0x00000000d6180000)
  to   space 1024K, 0% used [0x00000000d6180000,0x00000000d6180000,0x00000000d6280000)
 ParOldGen       total 81408K, used 70451K [0x0000000080000000, 0x0000000084f80000, 0x00000000d5580000)
  object space 81408K, 86% used [0x0000000080000000,0x00000000844ccf30,0x0000000084f80000)
 Metaspace       used 63887K, committed 65408K, reserved 1114112K
  class space    used 6886K, committed 7552K, reserved 1048576K
}
Event: 30.974 GC heap after
{Heap after GC invocations=81 (full 3):
 PSYoungGen      total 11776K, used 634K [0x00000000d5580000, 0x00000000d6280000, 0x0000000100000000)
  eden space 10752K, 0% used [0x00000000d5580000,0x00000000d5580000,0x00000000d6000000)
  from space 1024K, 61% used [0x00000000d6180000,0x00000000d621e8c8,0x00000000d6280000)
  to   space 1024K, 0% used [0x00000000d6080000,0x00000000d6080000,0x00000000d6180000)
 ParOldGen       total 81408K, used 71027K [0x0000000080000000, 0x0000000084f80000, 0x00000000d5580000)
  object space 81408K, 87% used [0x0000000080000000,0x000000008455cf30,0x0000000084f80000)
 Metaspace       used 63887K, committed 65408K, reserved 1114112K
  class space    used 6886K, committed 7552K, reserved 1048576K
}

Dll operation events (10 events):
Event: 0.012 Loaded shared library c:\Users\VENNELA SREE\.vscode\extensions\redhat.java-1.54.0-win32-x64\jre\21.0.10-win32-x86_64\bin\java.dll
Event: 0.094 Loaded shared library c:\Users\VENNELA SREE\.vscode\extensions\redhat.java-1.54.0-win32-x64\jre\21.0.10-win32-x86_64\bin\zip.dll
Event: 0.121 Loaded shared library C:\Users\VENNELA SREE\.vscode\extensions\redhat.java-1.54.0-win32-x64\jre\21.0.10-win32-x86_64\bin\instrument.dll
Event: 0.126 Loaded shared library C:\Users\VENNELA SREE\.vscode\extensions\redhat.java-1.54.0-win32-x64\jre\21.0.10-win32-x86_64\bin\net.dll
Event: 0.128 Loaded shared library C:\Users\VENNELA SREE\.vscode\extensions\redhat.java-1.54.0-win32-x64\jre\21.0.10-win32-x86_64\bin\nio.dll
Event: 0.131 Loaded shared library C:\Users\VENNELA SREE\.vscode\extensions\redhat.java-1.54.0-win32-x64\jre\21.0.10-win32-x86_64\bin\zip.dll
Event: 0.150 Loaded shared library C:\Users\VENNELA SREE\.vscode\extensions\redhat.java-1.54.0-win32-x64\jre\21.0.10-win32-x86_64\bin\jimage.dll
Event: 0.221 Loaded shared library c:\Users\VENNELA SREE\.vscode\extensions\redhat.java-1.54.0-win32-x64\jre\21.0.10-win32-x86_64\bin\verify.dll
Event: 1.097 Loaded shared library C:\Users\VENNELA SREE\AppData\Roaming\Code\User\globalStorage\redhat.java\1.54.0\config_win\org.eclipse.equinox.launcher\org.eclipse.equinox.launcher.win32.win32.x86_64_1.3.0.v20260203-2149\eclipse_11919.dll
Event: 3.954 Loaded shared library C:\Users\VENNELA SREE\AppData\Local\Temp\jna-2003541204\jna7448830721581783919.dll

Deoptimization events (20 events):
Event: 307.359 Thread 0x0000022e6a698670 DEOPT PACKING pc=0x0000022e57a9fde4 sp=0x0000009b168fe9f0
Event: 307.359 Thread 0x0000022e6a698670 DEOPT UNPACKING pc=0x0000022e56e83aa2 sp=0x0000009b168fe998 mode 2
Event: 307.474 Thread 0x0000022e6a69add0 Uncommon trap: trap_request=0xffffffbe fr.pc=0x0000022e574b6488 relative=0x0000000000000068
Event: 307.474 Thread 0x0000022e6a69add0 Uncommon trap: reason=profile_predicate action=maybe_recompile pc=0x0000022e574b6488 method=jdk.nio.zipfs.ZipPath.getResolved()[B @ 8 c2
Event: 307.474 Thread 0x0000022e6a69add0 DEOPT PACKING pc=0x0000022e574b6488 sp=0x0000009b163fe730
Event: 307.474 Thread 0x0000022e6a69add0 DEOPT UNPACKING pc=0x0000022e56e83aa2 sp=0x0000009b163fe6b8 mode 2
Event: 307.474 Thread 0x0000022e6a69add0 Uncommon trap: trap_request=0xffffffbe fr.pc=0x0000022e574b6488 relative=0x0000000000000068
Event: 307.474 Thread 0x0000022e6a69add0 Uncommon trap: reason=profile_predicate action=maybe_recompile pc=0x0000022e574b6488 method=jdk.nio.zipfs.ZipPath.getResolved()[B @ 8 c2
Event: 307.474 Thread 0x0000022e6a69add0 DEOPT PACKING pc=0x0000022e574b6488 sp=0x0000009b163fe780
Event: 307.474 Thread 0x0000022e6a69add0 DEOPT UNPACKING pc=0x0000022e56e83aa2 sp=0x0000009b163fe708 mode 2
Event: 307.474 Thread 0x0000022e6a69add0 Uncommon trap: trap_request=0xffffffbe fr.pc=0x0000022e574b6488 relative=0x0000000000000068
Event: 307.474 Thread 0x0000022e6a69add0 Uncommon trap: reason=profile_predicate action=maybe_recompile pc=0x0000022e574b6488 method=jdk.nio.zipfs.ZipPath.getResolved()[B @ 8 c2
Event: 307.474 Thread 0x0000022e6a69add0 DEOPT PACKING pc=0x0000022e574b6488 sp=0x0000009b163fe730
Event: 307.474 Thread 0x0000022e6a69add0 DEOPT UNPACKING pc=0x0000022e56e83aa2 sp=0x0000009b163fe6b8 mode 2
Event: 307.475 Thread 0x0000022e6a69add0 Uncommon trap: trap_request=0xffffffbe fr.pc=0x0000022e574b6488 relative=0x0000000000000068
Event: 307.475 Thread 0x0000022e6a69add0 Uncommon trap: reason=profile_predicate action=maybe_recompile pc=0x0000022e574b6488 method=jdk.nio.zipfs.ZipPath.getResolved()[B @ 8 c2
Event: 307.475 Thread 0x0000022e6a69add0 DEOPT PACKING pc=0x0000022e574b6488 sp=0x0000009b163fe730
Event: 307.475 Thread 0x0000022e6a69add0 DEOPT UNPACKING pc=0x0000022e56e83aa2 sp=0x0000009b163fe6b8 mode 2
Event: 307.489 Thread 0x0000022e6a69add0 DEOPT PACKING pc=0x0000022e50a55d7d sp=0x0000009b163fe760
Event: 307.489 Thread 0x0000022e6a69add0 DEOPT UNPACKING pc=0x0000022e56e84242 sp=0x0000009b163fdc38 mode 0

Classes loaded (20 events):
Event: 233.380 Loading class java/util/stream/DistinctOps$1$2
Event: 233.381 Loading class java/util/stream/DistinctOps$1$2 done
Event: 307.334 Loading class java/util/stream/Nodes$CollectorTask$OfRef
Event: 307.335 Loading class java/util/stream/Nodes$CollectorTask
Event: 307.335 Loading class java/util/stream/Nodes$CollectorTask done
Event: 307.335 Loading class java/util/stream/Nodes$CollectorTask$OfRef done
Event: 307.335 Loading class java/util/function/LongFunction
Event: 307.335 Loading class java/util/function/LongFunction done
Event: 307.336 Loading class java/util/stream/Nodes$ConcNode
Event: 307.336 Loading class java/util/stream/Nodes$AbstractConcNode
Event: 307.336 Loading class java/util/stream/Nodes$AbstractConcNode done
Event: 307.336 Loading class java/util/stream/Nodes$ConcNode done
Event: 307.349 Loading class java/io/ObjectOutputStream$BlockDataOutputStream
Event: 307.349 Loading class java/io/ObjectOutputStream$BlockDataOutputStream done
Event: 307.349 Loading class java/io/ObjectOutputStream$HandleTable
Event: 307.349 Loading class java/io/ObjectOutputStream$HandleTable done
Event: 307.349 Loading class java/io/ObjectOutputStream$ReplaceTable
Event: 307.349 Loading class java/io/ObjectOutputStream$ReplaceTable done
Event: 307.350 Loading class java/nio/charset/CharacterCodingException
Event: 307.350 Loading class java/nio/charset/CharacterCodingException done

Classes unloaded (13 events):
Event: 4.273 Thread 0x0000022e4c694780 Unloading class 0x0000022e011a3000 'java/lang/invoke/LambdaForm$MH+0x0000022e011a3000'
Event: 4.273 Thread 0x0000022e4c694780 Unloading class 0x0000022e011a2c00 'java/lang/invoke/LambdaForm$MH+0x0000022e011a2c00'
Event: 4.273 Thread 0x0000022e4c694780 Unloading class 0x0000022e011a2800 'java/lang/invoke/LambdaForm$MH+0x0000022e011a2800'
Event: 4.273 Thread 0x0000022e4c694780 Unloading class 0x0000022e011a2400 'java/lang/invoke/LambdaForm$MH+0x0000022e011a2400'
Event: 4.273 Thread 0x0000022e4c694780 Unloading class 0x0000022e011a2000 'java/lang/invoke/LambdaForm$BMH+0x0000022e011a2000'
Event: 4.273 Thread 0x0000022e4c694780 Unloading class 0x0000022e011a1c00 'java/lang/invoke/LambdaForm$DMH+0x0000022e011a1c00'
Event: 4.273 Thread 0x0000022e4c694780 Unloading class 0x0000022e011a0800 'java/lang/invoke/LambdaForm$DMH+0x0000022e011a0800'
Event: 9.106 Thread 0x0000022e4c694780 Unloading class 0x0000022e016b8800 'java/lang/invoke/LambdaForm$MH+0x0000022e016b8800'
Event: 9.106 Thread 0x0000022e4c694780 Unloading class 0x0000022e016b8000 'java/lang/invoke/LambdaForm$MH+0x0000022e016b8000'
Event: 9.106 Thread 0x0000022e4c694780 Unloading class 0x0000022e01625000 'java/lang/invoke/LambdaForm$DMH+0x0000022e01625000'
Event: 9.106 Thread 0x0000022e4c694780 Unloading class 0x0000022e01624c00 'java/lang/invoke/LambdaForm$DMH+0x0000022e01624c00'
Event: 9.106 Thread 0x0000022e4c694780 Unloading class 0x0000022e01624800 'java/lang/invoke/LambdaForm$DMH+0x0000022e01624800'
Event: 9.106 Thread 0x0000022e4c694780 Unloading class 0x0000022e01624000 'java/lang/invoke/LambdaForm$DMH+0x0000022e01624000'

Classes redefined (0 events):
No events

Internal exceptions (20 events):
Event: 9.654 Thread 0x0000022e6a697950 Exception <a 'sun/nio/fs/WindowsException'{0x00000000d5a06550}> (0x00000000d5a06550) 
thrown [s\src\hotspot\share\prims\jni.cpp, line 520]
Event: 9.654 Thread 0x0000022e6a697950 Exception <a 'sun/nio/fs/WindowsException'{0x00000000d5a06a88}> (0x00000000d5a06a88) 
thrown [s\src\hotspot\share\prims\jni.cpp, line 520]
Event: 9.654 Thread 0x0000022e6a697950 Exception <a 'sun/nio/fs/WindowsException'{0x00000000d5a073d8}> (0x00000000d5a073d8) 
thrown [s\src\hotspot\share\prims\jni.cpp, line 520]
Event: 9.654 Thread 0x0000022e6a697950 Exception <a 'sun/nio/fs/WindowsException'{0x00000000d5a07a08}> (0x00000000d5a07a08) 
thrown [s\src\hotspot\share\prims\jni.cpp, line 520]
Event: 9.654 Thread 0x0000022e6a697950 Exception <a 'sun/nio/fs/WindowsException'{0x00000000d5a08be0}> (0x00000000d5a08be0) 
thrown [s\src\hotspot\share\prims\jni.cpp, line 520]
Event: 9.654 Thread 0x0000022e6a697950 Exception <a 'sun/nio/fs/WindowsException'{0x00000000d5a09480}> (0x00000000d5a09480) 
thrown [s\src\hotspot\share\prims\jni.cpp, line 520]
Event: 9.654 Thread 0x0000022e6a697950 Exception <a 'sun/nio/fs/WindowsException'{0x00000000d5a0a3d8}> (0x00000000d5a0a3d8) 
thrown [s\src\hotspot\share\prims\jni.cpp, line 520]
Event: 9.654 Thread 0x0000022e6a697950 Exception <a 'sun/nio/fs/WindowsException'{0x00000000d5a0ac78}> (0x00000000d5a0ac78) 
thrown [s\src\hotspot\share\prims\jni.cpp, line 520]
Event: 9.659 Thread 0x0000022e6a697950 Exception <a 'java/lang/NoSuchMethodError'{0x00000000d5a63bf0}: 'java.lang.Object java.lang.invoke.DirectMethodHandle$Holder.newInvokeSpecial(java.lang.Object, java.lang.Object, int, java.lang.Object, java.lang.Object)'> (0x00000000d5a63bf0) 
thrown [s\src\hotspot\share\interpreter\linkResolver.cpp, line 773]
Event: 9.661 Thread 0x0000022e6a697950 Exception <a 'java/lang/NoSuchMethodError'{0x00000000d5a7dfa8}: 'java.lang.Object java.lang.invoke.DirectMethodHandle$Holder.invokeSpecial(java.lang.Object, java.lang.Object, java.lang.Object, int, java.lang.Object, java.lang.Object, java.lang.Object)'> (0x00000000d5a7dfa8) 
thrown [s\src\hotspot\share\interpreter\linkResolver.cpp, line 773]
Event: 9.661 Thread 0x0000022e6a697950 Exception <a 'java/lang/NoSuchMethodError'{0x00000000d5a88fd0}: 'java.lang.Object java.lang.invoke.DirectMethodHandle$Holder.newInvokeSpecial(java.lang.Object, java.lang.Object, int)'> (0x00000000d5a88fd0) 
thrown [s\src\hotspot\share\interpreter\linkResolver.cpp, line 773]
Event: 9.667 Thread 0x0000022e6a697950 Exception <a 'java/lang/NoSuchMethodError'{0x00000000d5b09068}: 'void java.lang.invoke.DirectMethodHandle$Holder.invokeStatic(java.lang.Object, int)'> (0x00000000d5b09068) 
thrown [s\src\hotspot\share\interpreter\linkResolver.cpp, line 773]
Event: 9.718 Thread 0x0000022e6a697950 Exception <a 'java/io/FileNotFoundException'{0x00000000d56c0e18}> (0x00000000d56c0e18) 
thrown [s\src\hotspot\share\prims\jni.cpp, line 520]
Event: 9.718 Thread 0x0000022e6a697950 Exception <a 'java/io/FileNotFoundException'{0x00000000d56c20e8}> (0x00000000d56c20e8) 
thrown [s\src\hotspot\share\prims\jni.cpp, line 520]
Event: 9.719 Thread 0x0000022e6a697950 Exception <a 'java/io/FileNotFoundException'{0x00000000d56c3110}> (0x00000000d56c3110) 
thrown [s\src\hotspot\share\prims\jni.cpp, line 520]
Event: 9.763 Thread 0x0000022e6a697950 Implicit null exception at 0x0000022e5774540f to 0x0000022e5774602c
Event: 307.346 Thread 0x0000022e6a698670 Exception <a 'sun/nio/fs/WindowsException'{0x00000000d5ace488}> (0x00000000d5ace488) 
thrown [s\src\hotspot\share\prims\jni.cpp, line 520]
Event: 307.346 Thread 0x0000022e6a698670 Exception <a 'sun/nio/fs/WindowsException'{0x00000000d5acf588}> (0x00000000d5acf588) 
thrown [s\src\hotspot\share\prims\jni.cpp, line 520]
Event: 307.356 Thread 0x0000022e6a698670 Exception <a 'java/lang/NoSuchMethodError'{0x00000000d5b87f88}: static [J.<clinit>()V> (0x00000000d5b87f88) 
thrown [s\src\hotspot\share\prims\jni.cpp, line 1111]
Event: 307.359 Thread 0x0000022e6a698670 Exception <a 'java/lang/NoSuchMethodError'{0x00000000d5bbca38}: 'java.lang.Object java.lang.invoke.DirectMethodHandle$Holder.newInvokeSpecial(java.lang.Object, java.lang.Object, java.lang.Object, java.lang.Object, java.lang.Object, java.lang.Object, java.lang.Object, java.lang.Object)'> (0x00000000d5bbca38) 
thrown [s\src\hotspot\share\interpreter\linkResolver.cpp, line 773]

ZGC Phase Switch (0 events):
No events

VM Operations (20 events):
Event: 11190.642 Executing non-safepoint VM operation: RendezvousGCThreads
Event: 11190.642 Executing non-safepoint VM operation: RendezvousGCThreads done
Event: 11250.786 Executing non-safepoint VM operation: HandshakeAllThreads (HandshakeForDeflation)
Event: 11250.786 Executing non-safepoint VM operation: HandshakeAllThreads (HandshakeForDeflation) done
Event: 11250.786 Executing non-safepoint VM operation: RendezvousGCThreads
Event: 11250.786 Executing non-safepoint VM operation: RendezvousGCThreads done
Event: 11371.240 Executing non-safepoint VM operation: HandshakeAllThreads (HandshakeForDeflation)
Event: 11371.241 Executing non-safepoint VM operation: HandshakeAllThreads (HandshakeForDeflation) done
Event: 11371.241 Executing non-safepoint VM operation: RendezvousGCThreads
Event: 11371.241 Executing non-safepoint VM operation: RendezvousGCThreads done
Event: 11437.897 Executing safepoint VM operation: Cleanup
Event: 11437.897 Executing safepoint VM operation: Cleanup done
Event: 11491.520 Executing non-safepoint VM operation: HandshakeAllThreads (HandshakeForDeflation)
Event: 11491.520 Executing non-safepoint VM operation: HandshakeAllThreads (HandshakeForDeflation) done
Event: 11491.520 Executing non-safepoint VM operation: RendezvousGCThreads
Event: 11491.520 Executing non-safepoint VM operation: RendezvousGCThreads done
Event: 11611.821 Executing non-safepoint VM operation: HandshakeAllThreads (HandshakeForDeflation)
Event: 11611.821 Executing non-safepoint VM operation: HandshakeAllThreads (HandshakeForDeflation) done
Event: 11611.821 Executing non-safepoint VM operation: RendezvousGCThreads
Event: 11611.821 Executing non-safepoint VM operation: RendezvousGCThreads done

Memory protections (0 events):
No events

Nmethod flushes (20 events):
Event: 9.116 Thread 0x0000022e4c694780 flushing  nmethod 0x0000022e50195410
Event: 9.116 Thread 0x0000022e4c694780 flushing  nmethod 0x0000022e50195790
Event: 9.116 Thread 0x0000022e4c694780 flushing  nmethod 0x0000022e50197710
Event: 9.116 Thread 0x0000022e4c694780 flushing  nmethod 0x0000022e501bfd90
Event: 9.116 Thread 0x0000022e4c694780 flushing  nmethod 0x0000022e501dd710
Event: 9.116 Thread 0x0000022e4c694780 flushing osr nmethod 0x0000022e501e3310
Event: 9.116 Thread 0x0000022e4c694780 flushing  nmethod 0x0000022e501f5490
Event: 9.116 Thread 0x0000022e4c694780 flushing  nmethod 0x0000022e50217110
Event: 9.116 Thread 0x0000022e4c694780 flushing  nmethod 0x0000022e5021ee10
Event: 9.116 Thread 0x0000022e4c694780 flushing  nmethod 0x0000022e50220710
Event: 9.116 Thread 0x0000022e4c694780 flushing  nmethod 0x0000022e5022b810
Event: 9.116 Thread 0x0000022e4c694780 flushing  nmethod 0x0000022e5022d090
Event: 9.116 Thread 0x0000022e4c694780 flushing  nmethod 0x0000022e5022d810
Event: 9.116 Thread 0x0000022e4c694780 flushing  nmethod 0x0000022e5022db90
Event: 9.116 Thread 0x0000022e4c694780 flushing  nmethod 0x0000022e5022df10
Event: 9.116 Thread 0x0000022e4c694780 flushing  nmethod 0x0000022e5022e490
Event: 9.116 Thread 0x0000022e4c694780 flushing  nmethod 0x0000022e5022ec10
Event: 9.116 Thread 0x0000022e4c694780 flushing  nmethod 0x0000022e50288810
Event: 9.116 Thread 0x0000022e4c694780 flushing  nmethod 0x0000022e5028c410
Event: 9.116 Thread 0x0000022e4c694780 flushing  nmethod 0x0000022e5029c190

Events (20 events):
Event: 309.580 Thread 0x0000022e6d5f8be0 Thread exited: 0x0000022e6d5f8be0
Event: 309.595 Thread 0x0000022e6d5fa620 Thread exited: 0x0000022e6d5fa620
Event: 309.595 Thread 0x0000022e6d5facb0 Thread exited: 0x0000022e6d5facb0
Event: 309.610 Thread 0x0000022e6d5f7ec0 Thread exited: 0x0000022e6d5f7ec0
Event: 309.641 Thread 0x0000022e6d5f8550 Thread exited: 0x0000022e6d5f8550
Event: 309.641 Thread 0x0000022e6d5f9900 Thread exited: 0x0000022e6d5f9900
Event: 309.641 Thread 0x0000022e6d5fb9d0 Thread exited: 0x0000022e6d5fb9d0
Event: 368.963 Thread 0x0000022e6c05e320 Thread exited: 0x0000022e6c05e320
Event: 369.396 Thread 0x0000022e6c8e0df0 Thread exited: 0x0000022e6c8e0df0
Event: 428.971 Thread 0x0000022e6c05f6d0 Thread exited: 0x0000022e6c05f6d0
Event: 429.408 Thread 0x0000022e6c8e4270 Thread exited: 0x0000022e6c8e4270
Event: 488.983 Thread 0x0000022e6c05fd60 Thread exited: 0x0000022e6c05fd60
Event: 489.420 Thread 0x0000022e6c8ded20 Thread exited: 0x0000022e6c8ded20
Event: 548.991 Thread 0x0000022e6c061e30 Thread exited: 0x0000022e6c061e30
Event: 549.435 Thread 0x0000022e6c8dfa40 Thread exited: 0x0000022e6c8dfa40
Event: 609.006 Thread 0x0000022e6c05e9b0 Thread exited: 0x0000022e6c05e9b0
Event: 609.452 Thread 0x0000022e6c8dd970 Thread exited: 0x0000022e6c8dd970
Event: 669.037 Thread 0x0000022e6c8e3550 Thread exited: 0x0000022e6c8e3550
Event: 669.467 Thread 0x0000022e6c8e1480 Thread exited: 0x0000022e6c8e1480
Event: 729.043 Thread 0x0000022e6c05d600 Thread exited: 0x0000022e6c05d600


Dynamic libraries:
0x00007ff7ad370000 - 0x00007ff7ad37e000 	c:\Users\VENNELA SREE\.vscode\extensions\redhat.java-1.54.0-win32-x64\jre\21.0.10-win32-x86_64\bin\java.exe
0x00007ffa92ba0000 - 0x00007ffa92e07000 	C:\WINDOWS\SYSTEM32\ntdll.dll
0x00007ffa48100000 - 0x00007ffa48121000 	C:\Program Files\Avast Software\Avast\aswhook.dll
0x00007ffa90a90000 - 0x00007ffa90b59000 	C:\WINDOWS\System32\KERNEL32.DLL
0x00007ffa8fab0000 - 0x00007ffa8fea7000 	C:\WINDOWS\System32\KERNELBASE.dll
0x00007ffa8f930000 - 0x00007ffa8fa7b000 	C:\WINDOWS\System32\ucrtbase.dll
0x00007ffa48a00000 - 0x00007ffa48a18000 	c:\Users\VENNELA SREE\.vscode\extensions\redhat.java-1.54.0-win32-x64\jre\21.0.10-win32-x86_64\bin\jli.dll
0x00007ffa64a60000 - 0x00007ffa64a7e000 	c:\Users\VENNELA SREE\.vscode\extensions\redhat.java-1.54.0-win32-x64\jre\21.0.10-win32-x86_64\bin\VCRUNTIME140.dll
0x00007ffa910d0000 - 0x00007ffa91296000 	C:\WINDOWS\System32\USER32.dll
0x00007ffa8fa80000 - 0x00007ffa8faa7000 	C:\WINDOWS\System32\win32u.dll
0x00007ffa6c720000 - 0x00007ffa6c9b2000 	C:\WINDOWS\WinSxS\amd64_microsoft.windows.common-controls_6595b64144ccf1df_6.0.26100.8328_none_3e08182ce334b678\COMCTL32.dll
0x00007ffa90b60000 - 0x00007ffa90b8b000 	C:\WINDOWS\System32\GDI32.dll
0x00007ffa91c60000 - 0x00007ffa91d09000 	C:\WINDOWS\System32\msvcrt.dll
0x00007ffa8f750000 - 0x00007ffa8f87c000 	C:\WINDOWS\System32\gdi32full.dll
0x00007ffa8f880000 - 0x00007ffa8f923000 	C:\WINDOWS\System32\msvcp_win.dll
0x00007ffa921a0000 - 0x00007ffa921d2000 	C:\WINDOWS\System32\IMM32.DLL
0x00007ffa85ec0000 - 0x00007ffa85ecc000 	c:\Users\VENNELA SREE\.vscode\extensions\redhat.java-1.54.0-win32-x64\jre\21.0.10-win32-x86_64\bin\vcruntime140_1.dll
0x00007ffa48970000 - 0x00007ffa489fd000 	c:\Users\VENNELA SREE\.vscode\extensions\redhat.java-1.54.0-win32-x64\jre\21.0.10-win32-x86_64\bin\msvcp140.dll
0x00007ff9d0ce0000 - 0x00007ff9d1a81000 	c:\Users\VENNELA SREE\.vscode\extensions\redhat.java-1.54.0-win32-x64\jre\21.0.10-win32-x86_64\bin\server\jvm.dll
0x00007ffa91010000 - 0x00007ffa910c6000 	C:\WINDOWS\System32\ADVAPI32.dll
0x00007ffa925b0000 - 0x00007ffa92657000 	C:\WINDOWS\System32\sechost.dll
0x00007ffa90c10000 - 0x00007ffa90d28000 	C:\WINDOWS\System32\RPCRT4.dll
0x00007ffa912a0000 - 0x00007ffa91320000 	C:\WINDOWS\System32\WS2_32.dll
0x00007ffa8edb0000 - 0x00007ffa8ee0e000 	C:\WINDOWS\SYSTEM32\POWRPROF.dll
0x00007ffa85f90000 - 0x00007ffa85f9b000 	C:\WINDOWS\SYSTEM32\VERSION.dll
0x00007ffa7a8f0000 - 0x00007ffa7a926000 	C:\WINDOWS\SYSTEM32\WINMM.dll
0x00007ffa8ed90000 - 0x00007ffa8eda4000 	C:\WINDOWS\SYSTEM32\UMPDC.dll
0x00007ffa8e340000 - 0x00007ffa8e35b000 	C:\WINDOWS\SYSTEM32\kernel.appcore.dll
0x00007ffa855d0000 - 0x00007ffa855da000 	c:\Users\VENNELA SREE\.vscode\extensions\redhat.java-1.54.0-win32-x64\jre\21.0.10-win32-x86_64\bin\jimage.dll
0x00007ffa8d3f0000 - 0x00007ffa8d632000 	C:\WINDOWS\SYSTEM32\DBGHELP.DLL
0x00007ffa92660000 - 0x00007ffa929e3000 	C:\WINDOWS\System32\combase.dll
0x00007ffa921e0000 - 0x00007ffa922b9000 	C:\WINDOWS\System32\OLEAUT32.dll
0x00007ffa842c0000 - 0x00007ffa842fb000 	C:\WINDOWS\SYSTEM32\dbgcore.DLL
0x00007ffa8feb0000 - 0x00007ffa8ff58000 	C:\WINDOWS\System32\bcryptPrimitives.dll
0x00007ffa792e0000 - 0x00007ffa792ef000 	c:\Users\VENNELA SREE\.vscode\extensions\redhat.java-1.54.0-win32-x64\jre\21.0.10-win32-x86_64\bin\instrument.dll
0x00007ffa48950000 - 0x00007ffa48970000 	c:\Users\VENNELA SREE\.vscode\extensions\redhat.java-1.54.0-win32-x64\jre\21.0.10-win32-x86_64\bin\java.dll
0x00007ffa914e0000 - 0x00007ffa91c4e000 	C:\WINDOWS\System32\SHELL32.dll
0x00007ffa8ff60000 - 0x00007ffa907cc000 	C:\WINDOWS\System32\windows.storage.dll
0x00007ffa922c0000 - 0x00007ffa923b6000 	C:\WINDOWS\System32\SHCORE.dll
0x00007ffa92af0000 - 0x00007ffa92b56000 	C:\WINDOWS\System32\shlwapi.dll
0x00007ffa8f4f0000 - 0x00007ffa8f519000 	C:\WINDOWS\SYSTEM32\profapi.dll
0x00007ffa48930000 - 0x00007ffa48948000 	c:\Users\VENNELA SREE\.vscode\extensions\redhat.java-1.54.0-win32-x64\jre\21.0.10-win32-x86_64\bin\zip.dll
0x00007ffa49530000 - 0x00007ffa49540000 	C:\Users\VENNELA SREE\.vscode\extensions\redhat.java-1.54.0-win32-x64\jre\21.0.10-win32-x86_64\bin\net.dll
0x00007ffa86650000 - 0x00007ffa86779000 	C:\WINDOWS\SYSTEM32\WINHTTP.dll
0x00007ffa8e8d0000 - 0x00007ffa8e93c000 	C:\WINDOWS\system32\mswsock.dll
0x00007ffa48910000 - 0x00007ffa48926000 	C:\Users\VENNELA SREE\.vscode\extensions\redhat.java-1.54.0-win32-x64\jre\21.0.10-win32-x86_64\bin\nio.dll
0x00007ffa49020000 - 0x00007ffa49030000 	c:\Users\VENNELA SREE\.vscode\extensions\redhat.java-1.54.0-win32-x64\jre\21.0.10-win32-x86_64\bin\verify.dll
0x00007ffa48870000 - 0x00007ffa488b5000 	C:\Users\VENNELA SREE\AppData\Roaming\Code\User\globalStorage\redhat.java\1.54.0\config_win\org.eclipse.equinox.launcher\org.eclipse.equinox.launcher.win32.win32.x86_64_1.3.0.v20260203-2149\eclipse_11919.dll
0x00007ffa91330000 - 0x00007ffa914c7000 	C:\WINDOWS\System32\ole32.dll
0x00007ffa8ebc0000 - 0x00007ffa8ebdb000 	C:\WINDOWS\SYSTEM32\CRYPTSP.dll
0x00007ffa8e2a0000 - 0x00007ffa8e2d9000 	C:\WINDOWS\system32\rsaenh.dll
0x00007ffa8e980000 - 0x00007ffa8e9b3000 	C:\WINDOWS\SYSTEM32\USERENV.dll
0x00007ffa8f4c0000 - 0x00007ffa8f4ea000 	C:\WINDOWS\SYSTEM32\bcrypt.dll
0x00007ffa8ebb0000 - 0x00007ffa8ebbc000 	C:\WINDOWS\SYSTEM32\CRYPTBASE.dll
0x00007ffa8dd20000 - 0x00007ffa8dd52000 	C:\WINDOWS\SYSTEM32\IPHLPAPI.DLL
0x00007ffa923c0000 - 0x00007ffa923ca000 	C:\WINDOWS\System32\NSI.dll
0x00007ffa48770000 - 0x00007ffa487b9000 	C:\Users\VENNELA SREE\AppData\Local\Temp\jna-2003541204\jna7448830721581783919.dll
0x00007ffa914d0000 - 0x00007ffa914d8000 	C:\WINDOWS\System32\PSAPI.DLL
0x00007ffa87760000 - 0x00007ffa8777d000 	C:\WINDOWS\SYSTEM32\dhcpcsvc6.DLL
0x00007ffa87670000 - 0x00007ffa87695000 	C:\WINDOWS\SYSTEM32\dhcpcsvc.DLL

JVMTI agents:
c:\Users\VENNELA SREE\.vscode\extensions\redhat.java-1.54.0-win32-x64\lombok\lombok-1.18.39-4050.jar path:c:\Users\VENNELA SREE\.vscode\extensions\redhat.java-1.54.0-win32-x64\jre\21.0.10-win32-x86_64\bin\instrument.dll, loaded, initialized, instrumentlib options:none

dbghelp: loaded successfully - version: 4.0.5 - missing functions: none
symbol engine: initialized successfully - sym options: 0x614 - pdb path: .;c:\Users\VENNELA SREE\.vscode\extensions\redhat.java-1.54.0-win32-x64\jre\21.0.10-win32-x86_64\bin;C:\WINDOWS\SYSTEM32;C:\Program Files\Avast Software\Avast;C:\WINDOWS\WinSxS\amd64_microsoft.windows.common-controls_6595b64144ccf1df_6.0.26100.8328_none_3e08182ce334b678;c:\Users\VENNELA SREE\.vscode\extensions\redhat.java-1.54.0-win32-x64\jre\21.0.10-win32-x86_64\bin\server;C:\Users\VENNELA SREE\AppData\Roaming\Code\User\globalStorage\redhat.java\1.54.0\config_win\org.eclipse.equinox.launcher\org.eclipse.equinox.launcher.win32.win32.x86_64_1.3.0.v20260203-2149;C:\Users\VENNELA SREE\AppData\Local\Temp\jna-2003541204

VM Arguments:
jvm_args: --add-modules=ALL-SYSTEM --add-opens=java.base/java.util=ALL-UNNAMED --add-opens=java.base/java.lang=ALL-UNNAMED --add-opens=java.base/sun.nio.fs=ALL-UNNAMED -Declipse.application=org.eclipse.jdt.ls.core.id1 -Dosgi.bundles.defaultStartLevel=4 -Declipse.product=org.eclipse.jdt.ls.core.product -Djava.import.generatesMetadataFilesAtProjectRoot=false -DDetectVMInstallationsJob.disabled=true -Dfile.encoding=utf8 -XX:+UseParallelGC -XX:GCTimeRatio=4 -XX:AdaptiveSizePolicyWeight=90 -Dsun.zip.disableMemoryMapping=true -Xmx2G -Xms100m -Xlog:disable -javaagent:c:\Users\VENNELA SREE\.vscode\extensions\redhat.java-1.54.0-win32-x64\lombok\lombok-1.18.39-4050.jar -XX:+HeapDumpOnOutOfMemoryError -XX:HeapDumpPath=c:\Users\VENNELA SREE\AppData\Roaming\Code\User\workspaceStorage\32236401eeac42081cef0cbb199c0051\redhat.java -Daether.dependencyCollector.impl=bf 
java_command: c:\Users\VENNELA SREE\.vscode\extensions\redhat.java-1.54.0-win32-x64\server\plugins\org.eclipse.equinox.launcher_1.7.100.v20251111-0406.jar -configuration c:\Users\VENNELA SREE\AppData\Roaming\Code\User\globalStorage\redhat.java\1.54.0\config_win -data c:\Users\VENNELA SREE\AppData\Roaming\Code\User\workspaceStorage\32236401eeac42081cef0cbb199c0051\redhat.java\jdt_ws --pipe=\\.\pipe\lsp-49cba0eb2ab767b86ab21297cd97f95b-sock
java_class_path (initial): c:\Users\VENNELA SREE\.vscode\extensions\redhat.java-1.54.0-win32-x64\server\plugins\org.eclipse.equinox.launcher_1.7.100.v20251111-0406.jar
Launcher Type: SUN_STANDARD

[Global flags]
    uintx AdaptiveSizePolicyWeight                 = 90                                        {product} {command line}
     intx CICompilerCount                          = 4                                         {product} {ergonomic}
    uintx GCTimeRatio                              = 4                                         {product} {command line}
     bool HeapDumpOnOutOfMemoryError               = true                                   {manageable} {command line}
    ccstr HeapDumpPath                             = c:\Users\VENNELA SREE\AppData\Roaming\Code\User\workspaceStorage\32236401eeac42081cef0cbb199c0051\redhat.java         {manageable} {command line}
   size_t InitialHeapSize                          = 104857600                                 {product} {command line}
   size_t MaxHeapSize                              = 2147483648                                {product} {command line}
   size_t MaxNewSize                               = 715653120                                 {product} {ergonomic}
   size_t MinHeapDeltaBytes                        = 524288                                    {product} {ergonomic}
   size_t MinHeapSize                              = 104857600                                 {product} {command line}
   size_t NewSize                                  = 34603008                                  {product} {ergonomic}
    uintx NonNMethodCodeHeapSize                   = 5839372                                {pd product} {ergonomic}
    uintx NonProfiledCodeHeapSize                  = 122909434                              {pd product} {ergonomic}
   size_t OldSize                                  = 70254592                                  {product} {ergonomic}
    uintx ProfiledCodeHeapSize                     = 122909434                              {pd product} {ergonomic}
    uintx ReservedCodeCacheSize                    = 251658240                              {pd product} {ergonomic}
     bool SegmentedCodeCache                       = true                                      {product} {ergonomic}
   size_t SoftMaxHeapSize                          = 2147483648                             {manageable} {ergonomic}
     bool UseCompressedOops                        = true                           {product lp64_product} {ergonomic}
     bool UseLargePagesIndividualAllocation        = false                                  {pd product} {ergonomic}
     bool UseParallelGC                            = true                                      {product} {command line}

Logging:
Log output configuration:
 #0: stdout all=off uptime,level,tags foldmultilines=false
 #1: stderr all=off uptime,level,tags foldmultilines=false

Release file:
JAVA_VERSION="21.0.10" 
MODULES="java.base java.compiler java.datatransfer java.xml java.prefs java.desktop java.instrument java.logging java.management java.security.sasl java.naming java.rmi java.management.rmi java.net.http java.scripting java.security.jgss java.transaction.xa java.sql java.sql.rowset java.xml.crypto java.se java.smartcardio jdk.accessibility jdk.internal.jvmstat jdk.attach jdk.charsets jdk.internal.opt jdk.zipfs jdk.compiler jdk.crypto.ec jdk.crypto.cryptoki jdk.crypto.mscapi jdk.dynalink jdk.internal.ed jdk.editpad jdk.hotspot.agent jdk.httpserver jdk.internal.le jdk.internal.vm.ci jdk.internal.vm.compiler jdk.internal.vm.compiler.management jdk.jartool jdk.javadoc jdk.jcmd jdk.management jdk.management.agent jdk.jconsole jdk.jdeps jdk.jdwp.agent jdk.jdi jdk.jfr jdk.jshell jdk.jsobject jdk.jstatd jdk.localedata jdk.management.jfr jdk.naming.dns jdk.naming.rmi jdk.net jdk.nio.mapmode jdk.random jdk.sctp jdk.security.auth jdk.security.jgss jdk.unsupported jdk.unsupported.desktop jdk.xml.dom" 

Environment Variables:
JAVA_HOME=C:\Java\jdk-25
CLASSPATH=C:\Program Files\Java\jdk-24
PATH=C:\Users\VENNELA SREE\AppData\Local\Programs\Microsoft VS Code;C:\Java\jdk-25\bin;C:\Program Files\Common Files\Oracle\Java\javapath;C:\windows\system32;C:\windows;C:\windows\System32\Wbem;C:\windows\System32\WindowsPowerShell\v1.0\;C:\windows\System32\OpenSSH\;C:\Program Files (x86)\NVIDIA Corporation\PhysX\Common;C:\Program Files\NVIDIA Corporation\NVIDIA NvDLISR;C:\Users\Administrator\AppData\Local\Microsoft\WindowsApps;C:\Program Files\HP\OMEN-Broadcast\Common;C:\WINDOWS\system32;C:\WINDOWS;C:\WINDOWS\System32\Wbem;C:\WINDOWS\System32\WindowsPowerShell\v1.0\;C:\WINDOWS\System32\OpenSSH\;C:\Program Files\nodejs\;C:\Program Files\Git\cmd;C:\mysql-connector-j-9.4.0;C:\apache-maven-3.9.12\bin;C:\Program Files\PyManager\;C:\Program Files\Amazon\AWSCLIV2\;C:\Users\VENNELA SREE\AppData\Local\Programs\Python\Python311\Scripts\;C:\Users\VENNELA SREE\AppData\Local\Programs\Python\Python311\;C:\Program Files\MySQL\MySQL Shell 8.0\bin\;C:\Users\VENNELA SREE\AppData\Local\Programs\Python\Python313\Scripts\;C:\Users\VENNELA SREE\AppData\Local\Programs\Python\Python313\;C:\Users\VENNELA SREE\AppData\Local\Microsoft\WindowsApps;C:\MinGW\bin;C:\Program Files\MongoDB\Server\8.2\bin;C:\Users\VENNELA SREE\AppData\Roaming\npm;C:\Users\VENNELA SREE\Downloads\apache-maven-3.9.12-bin\apache-maven-3.9.12\bin;C:\Program Files\JetBrains\PyCharm 2025.3.1\bin;C:\Users\VENNELA SREE\AppData\Local\GitHubDesktop\bin;C:\Users\VENNELA SREE\AppData\Local\Programs\Microsoft VS Code\bin;C:\Users\VENNELA SREE\AppData\Local\Programs\cursor\resources\app\bin;C:\Users\VENNELA SREE\AppData\Local\Programs\Antigravity\bin
USERNAME=VENNELA SREE
OS=Windows_NT
PROCESSOR_IDENTIFIER=Intel64 Family 6 Model 186 Stepping 2, GenuineIntel
TMP=C:\Users\VENNEL~1\AppData\Local\Temp
TEMP=C:\Users\VENNEL~1\AppData\Local\Temp




Periodic native trim disabled

---------------  S Y S T E M  ---------------

OS:
 Windows 11 , 64 bit Build 26100 (10.0.26100.8328)
OS uptime: 0 days 3:23 hours
Hyper-V role detected

CPU: total 12 (initial active 12) (6 cores per cpu, 2 threads per core) family 6 model 186 stepping 2 microcode 0x4122, cx8, cmov, fxsr, ht, mmx, 3dnowpref, sse, sse2, sse3, ssse3, sse4.1, sse4.2, popcnt, lzcnt, tsc, tscinvbit, avx, avx2, aes, erms, clmul, bmi1, bmi2, adx, sha, fma, vzeroupper, clflush, clflushopt, clwb, hv, serialize, rdtscp, rdpid, fsrm, f16c, cet_ibt, cet_ss
Processor Information for processor 0
  Max Mhz: 2100, Current Mhz: 2100, Mhz Limit: 2100
Processor Information for processor 1
  Max Mhz: 2100, Current Mhz: 2100, Mhz Limit: 2100
Processor Information for processor 2
  Max Mhz: 2100, Current Mhz: 2100, Mhz Limit: 2100
Processor Information for processor 3
  Max Mhz: 2100, Current Mhz: 2100, Mhz Limit: 2100
Processor Information for processor 4
  Max Mhz: 2100, Current Mhz: 2100, Mhz Limit: 2100
Processor Information for processor 5
  Max Mhz: 2100, Current Mhz: 2100, Mhz Limit: 2100
Processor Information for processor 6
  Max Mhz: 2100, Current Mhz: 1453, Mhz Limit: 2100
Processor Information for processor 7
  Max Mhz: 2100, Current Mhz: 2100, Mhz Limit: 2100
Processor Information for processor 8
  Max Mhz: 2100, Current Mhz: 1540, Mhz Limit: 2100
Processor Information for processor 9
  Max Mhz: 2100, Current Mhz: 1540, Mhz Limit: 2100
Processor Information for processor 10
  Max Mhz: 2100, Current Mhz: 1540, Mhz Limit: 2100
Processor Information for processor 11
  Max Mhz: 2100, Current Mhz: 1540, Mhz Limit: 2100

Memory: 4k page, system-wide physical 16024M (2546M free)
TotalPageFile size 16846M (AvailPageFile size 2M)
current process WorkingSet (physical memory assigned to process): 125M, peak: 333M
current process commit charge ("private bytes"): 352M, peak: 408M

vm_info: OpenJDK 64-Bit Server VM (21.0.10+7-LTS) for windows-amd64 JRE (21.0.10+7-LTS), built on 2026-01-20T00:00:00Z by "admin" with MS VC++ 17.12 (VS2022)

END.
